Archive member included to satisfy reference by file (symbol)

d:/stm32cube_ide/stm32cubeide_1.7.0/stm32cubeide/plugins/com.st.stm32cube.ide.mcu.externaltools.gnu-tools-for-stm32.10.3-2021.10.win32_1.0.100.202210260954/tools/bin/../lib/gcc/arm-none-eabi/10.3.1/../../../../arm-none-eabi/lib/thumb/v7e-m+dp/hard\libm.a(lib_a-pow.o)
                              ./Core/Src/main.o (pow)
d:/stm32cube_ide/stm32cubeide_1.7.0/stm32cubeide/plugins/com.st.stm32cube.ide.mcu.externaltools.gnu-tools-for-stm32.10.3-2021.10.win32_1.0.100.202210260954/tools/bin/../lib/gcc/arm-none-eabi/10.3.1/../../../../arm-none-eabi/lib/thumb/v7e-m+dp/hard\libm.a(lib_a-pow_log_data.o)
                              d:/stm32cube_ide/stm32cubeide_1.7.0/stm32cubeide/plugins/com.st.stm32cube.ide.mcu.externaltools.gnu-tools-for-stm32.10.3-2021.10.win32_1.0.100.202210260954/tools/bin/../lib/gcc/arm-none-eabi/10.3.1/../../../../arm-none-eabi/lib/thumb/v7e-m+dp/hard\libm.a(lib_a-pow.o) (__pow_log_data)
d:/stm32cube_ide/stm32cubeide_1.7.0/stm32cubeide/plugins/com.st.stm32cube.ide.mcu.externaltools.gnu-tools-for-stm32.10.3-2021.10.win32_1.0.100.202210260954/tools/bin/../lib/gcc/arm-none-eabi/10.3.1/../../../../arm-none-eabi/lib/thumb/v7e-m+dp/hard\libm.a(lib_a-s_ceil.o)
                              ./Core/Src/main.o (ceil)
d:/stm32cube_ide/stm32cubeide_1.7.0/stm32cubeide/plugins/com.st.stm32cube.ide.mcu.externaltools.gnu-tools-for-stm32.10.3-2021.10.win32_1.0.100.202210260954/tools/bin/../lib/gcc/arm-none-eabi/10.3.1/../../../../arm-none-eabi/lib/thumb/v7e-m+dp/hard\libm.a(lib_a-s_frexp.o)
                              ./Core/Src/main.o (frexp)
d:/stm32cube_ide/stm32cubeide_1.7.0/stm32cubeide/plugins/com.st.stm32cube.ide.mcu.externaltools.gnu-tools-for-stm32.10.3-2021.10.win32_1.0.100.202210260954/tools/bin/../lib/gcc/arm-none-eabi/10.3.1/../../../../arm-none-eabi/lib/thumb/v7e-m+dp/hard\libm.a(lib_a-s_ldexp.o)
                              ./Core/Src/main.o (ldexp)
d:/stm32cube_ide/stm32cubeide_1.7.0/stm32cubeide/plugins/com.st.stm32cube.ide.mcu.externaltools.gnu-tools-for-stm32.10.3-2021.10.win32_1.0.100.202210260954/tools/bin/../lib/gcc/arm-none-eabi/10.3.1/../../../../arm-none-eabi/lib/thumb/v7e-m+dp/hard\libm.a(lib_a-s_scalbn.o)
                              d:/stm32cube_ide/stm32cubeide_1.7.0/stm32cubeide/plugins/com.st.stm32cube.ide.mcu.externaltools.gnu-tools-for-stm32.10.3-2021.10.win32_1.0.100.202210260954/tools/bin/../lib/gcc/arm-none-eabi/10.3.1/../../../../arm-none-eabi/lib/thumb/v7e-m+dp/hard\libm.a(lib_a-s_ldexp.o) (scalbn)
d:/stm32cube_ide/stm32cubeide_1.7.0/stm32cubeide/plugins/com.st.stm32cube.ide.mcu.externaltools.gnu-tools-for-stm32.10.3-2021.10.win32_1.0.100.202210260954/tools/bin/../lib/gcc/arm-none-eabi/10.3.1/../../../../arm-none-eabi/lib/thumb/v7e-m+dp/hard\libm.a(lib_a-w_sqrt.o)
                              ./Core/Src/main.o (sqrt)
d:/stm32cube_ide/stm32cubeide_1.7.0/stm32cubeide/plugins/com.st.stm32cube.ide.mcu.externaltools.gnu-tools-for-stm32.10.3-2021.10.win32_1.0.100.202210260954/tools/bin/../lib/gcc/arm-none-eabi/10.3.1/../../../../arm-none-eabi/lib/thumb/v7e-m+dp/hard\libm.a(lib_a-e_sqrt.o)
                              d:/stm32cube_ide/stm32cubeide_1.7.0/stm32cubeide/plugins/com.st.stm32cube.ide.mcu.externaltools.gnu-tools-for-stm32.10.3-2021.10.win32_1.0.100.202210260954/tools/bin/../lib/gcc/arm-none-eabi/10.3.1/../../../../arm-none-eabi/lib/thumb/v7e-m+dp/hard\libm.a(lib_a-w_sqrt.o) (__ieee754_sqrt)
d:/stm32cube_ide/stm32cubeide_1.7.0/stm32cubeide/plugins/com.st.stm32cube.ide.mcu.externaltools.gnu-tools-for-stm32.10.3-2021.10.win32_1.0.100.202210260954/tools/bin/../lib/gcc/arm-none-eabi/10.3.1/../../../../arm-none-eabi/lib/thumb/v7e-m+dp/hard\libm.a(lib_a-exp_data.o)
                              d:/stm32cube_ide/stm32cubeide_1.7.0/stm32cubeide/plugins/com.st.stm32cube.ide.mcu.externaltools.gnu-tools-for-stm32.10.3-2021.10.win32_1.0.100.202210260954/tools/bin/../lib/gcc/arm-none-eabi/10.3.1/../../../../arm-none-eabi/lib/thumb/v7e-m+dp/hard\libm.a(lib_a-pow.o) (__exp_data)
d:/stm32cube_ide/stm32cubeide_1.7.0/stm32cubeide/plugins/com.st.stm32cube.ide.mcu.externaltools.gnu-tools-for-stm32.10.3-2021.10.win32_1.0.100.202210260954/tools/bin/../lib/gcc/arm-none-eabi/10.3.1/../../../../arm-none-eabi/lib/thumb/v7e-m+dp/hard\libm.a(lib_a-math_err.o)
                              d:/stm32cube_ide/stm32cubeide_1.7.0/stm32cubeide/plugins/com.st.stm32cube.ide.mcu.externaltools.gnu-tools-for-stm32.10.3-2021.10.win32_1.0.100.202210260954/tools/bin/../lib/gcc/arm-none-eabi/10.3.1/../../../../arm-none-eabi/lib/thumb/v7e-m+dp/hard\libm.a(lib_a-pow.o) (__math_uflow)
d:/stm32cube_ide/stm32cubeide_1.7.0/stm32cubeide/plugins/com.st.stm32cube.ide.mcu.externaltools.gnu-tools-for-stm32.10.3-2021.10.win32_1.0.100.202210260954/tools/bin/../lib/gcc/arm-none-eabi/10.3.1/../../../../arm-none-eabi/lib/thumb/v7e-m+dp/hard\libm.a(lib_a-s_finite.o)
[...]
Memory Configuration

Name             Origin             Length             Attributes
FLASH            0x0000000008000000 0x0000000000200000 xr
DTCMRAM          0x0000000020000000 0x0000000000020000 xrw
RAM_D1           0x0000000024000000 0x0000000000080000 xrw
RAM_D2           0x0000000030000000 0x0000000000048000 xrw
RAM_D3           0x0000000038000000 0x0000000000010000 xrw
ITCMRAM          0x0000000000000000 0x0000000000010000 xrw
*default*        0x0000000000000000 0xffffffffffffffff

Linker script and memory map

LOAD d:/stm32cube_ide/stm32cubeide_1.7.0/stm32cubeide/plugins/com.st.stm32cube.ide.mcu.externaltools.gnu-tools-for-stm32.10.3-2021.10.win32_1.0.100.202210260954/tools/bin/../lib/gcc/arm-none-eabi/10.3.1/thumb/v7e-m+dp/hard/crti.o
LOAD d:/stm32cube_ide/stm32cubeide_1.7.0/stm32cubeide/plugins/com.st.stm32cube.ide.mcu.externaltools.gnu-tools-for-stm32.10.3-2021.10.win32_1.0.100.202210260954/tools/bin/../lib/gcc/arm-none-eabi/10.3.1/thumb/v7e-m+dp/hard/crtbegin.o
LOAD d:/stm32cube_ide/stm32cubeide_1.7.0/stm32cubeide/plugins/com.st.stm32cube.ide.mcu.externaltools.gnu-tools-for-stm32.10.3-2021.10.win32_1.0.100.202210260954/tools/bin/../lib/gcc/arm-none-eabi/10.3.1/../../../../arm-none-eabi/lib/thumb/v7e-m+dp/hard/crt0.o
LOAD ./Core/Src/main.o
LOAD ./Core/Src/stm32h7xx_hal_msp.o
LOAD ./Core/Src/stm32h7xx_it.o
LOAD ./Core/Src/syscalls.o
LOAD ./Core/Src/sysmem.o
LOAD ./Core/Src/system_stm32h7xx.o
LOAD ./Core/Startup/startup_stm32h743zitx.o
LOAD ./Drivers/STM32H7xx_HAL_Driver/Src/stm32h7xx_hal.o
LOAD ./Drivers/STM32H7xx_HAL_Driver/Src/stm32h7xx_hal_cortex.o
LOAD ./Drivers/STM32H7xx_HAL_Driver/Src/stm32h7xx_hal_dma.o
LOAD ./Drivers/STM32H7xx_HAL_Driver/Src/stm32h7xx_hal_dma_ex.o
LOAD ./Drivers/STM32H7xx_HAL_Driver/Src/stm32h7xx_hal_eth.o
LOAD ./Drivers/STM32H7xx_HAL_Driver/Src/stm32h7xx_hal_eth_ex.o
LOAD ./Drivers/STM32H7xx_HAL_Driver/Src/stm32h7xx_hal_exti.o
LOAD ./Drivers/STM32H7xx_HAL_Driver/Src/stm32h7xx_hal_flash.o
LOAD ./Drivers/STM32H7xx_HAL_Driver/Src/stm32h7xx_hal_flash_ex.o
LOAD ./Drivers/STM32H7xx_HAL_Driver/Src/stm32h7xx_hal_gpio.o
LOAD ./Drivers/STM32H7xx_HAL_Driver/Src/stm32h7xx_hal_hsem.o
LOAD ./Drivers/STM32H7xx_HAL_Driver/Src/stm32h7xx_hal_i2c.o
LOAD ./Drivers/STM32H7xx_HAL_Driver/Src/stm32h7xx_hal_i2c_ex.o
LOAD ./Drivers/STM32H7xx_HAL_Driver/Src/stm32h7xx_hal_mdma.o
LOAD ./Drivers/STM32H7xx_HAL_Driver/Src/stm32h7xx_hal_pcd.o
LOAD ./Drivers/STM32H7xx_HAL_Driver/Src/stm32h7xx_hal_pcd_ex.o
LOAD ./Drivers/STM32H7xx_HAL_Driver/Src/stm32h7xx_hal_pwr.o
LOAD ./Drivers/STM32H7xx_HAL_Driver/Src/stm32h7xx_hal_pwr_ex.o
LOAD ./Drivers/STM32H7xx_HAL_Driver/Src/stm32h7xx_hal_rcc.o
LOAD ./Drivers/STM32H7xx_HAL_Driver/Src/stm32h7xx_hal_rcc_ex.o
LOAD ./Drivers/STM32H7xx_HAL_Driver/Src/stm32h7xx_hal_tim.o
LOAD ./Drivers/STM32H7xx_HAL_Driver/Src/stm32h7xx_hal_tim_ex.o
LOAD ./Drivers/STM32H7xx_HAL_Driver/Src/stm32h7xx_hal_uart.o
LOAD ./Drivers/STM32H7xx_HAL_Driver/Src/stm32h7xx_hal_uart_ex.o
LOAD ./Drivers/STM32H7xx_HAL_Driver/Src/stm32h7xx_ll_usb.o
START GROUP
LOAD d:/stm32cube_ide/stm32cubeide_1.7.0/stm32cubeide/plugins/com.st.stm32cube.ide.mcu.externaltools.gnu-tools-for-stm32.10.3-2021.10.win32_1.0.100.202210260954/tools/bin/../lib/gcc/arm-none-eabi/10.3.1/../../../../arm-none-eabi/lib/thumb/v7e-m+dp/hard\libstdc++_nano.a
LOAD d:/stm32cube_ide/stm32cubeide_1.7.0/stm32cubeide/plugins/com.st.stm32cube.ide.mcu.externaltools.gnu-tools-for-stm32.10.3-2021.10.win32_1.0.100.202210260954/tools/bin/../lib/gcc/arm-none-eabi/10.3.1/../../../../arm-none-eabi/lib/thumb/v7e-m+dp/hard\libsupc++_nano.a
END GROUP
LOAD d:/stm32cube_ide/stm32cubeide_1.7.0/stm32cubeide/plugins/com.st.stm32cube.ide.mcu.externaltools.gnu-tools-for-stm32.10.3-2021.10.win32_1.0.100.202210260954/tools/bin/../lib/gcc/arm-none-eabi/10.3.1/../../../../arm-none-eabi/lib/thumb/v7e-m+dp/hard\libstdc++_nano.a
LOAD d:/stm32cube_ide/stm32cubeide_1.7.0/stm32cubeide/plugins/com.st.stm32cube.ide.mcu.externaltools.gnu-tools-for-stm32.10.3-2021.10.win32_1.0.100.202210260954/tools/bin/../lib/gcc/arm-none-eabi/10.3.1/../../../../arm-none-eabi/lib/thumb/v7e-m+dp/hard\libm.a
LOAD d:/stm32cube_ide/stm32cubeide_1.7.0/stm32cubeide/plugins/com.st.stm32cube.ide.mcu.externaltools.gnu-tools-for-stm32.10.3-2021.10.win32_1.0.100.202210260954/tools/bin/../lib/gcc/arm-none-eabi/10.3.1/../../../../arm-none-eabi/lib/thumb/v7e-m+dp/hard\libc_nano.a
START GROUP
LOAD d:/stm32cube_ide/stm32cubeide_1.7.0/stm32cubeide/plugins/com.st.stm32cube.ide.mcu.externaltools.gnu-tools-for-stm32.10.3-2021.10.win32_1.0.100.202210260954/tools/bin/../lib/gcc/arm-none-eabi/10.3.1/thumb/v7e-m+dp/hard\libgcc.a
LOAD d:/stm32cube_ide/stm32cubeide_1.7.0/stm32cubeide/plugins/com.st.stm32cube.ide.mcu.externaltools.gnu-tools-for-stm32.10.3-2021.10.win32_1.0.100.202210260954/tools/bin/../lib/gcc/arm-none-eabi/10.3.1/../../../../arm-none-eabi/lib/thumb/v7e-m+dp/hard\libc_nano.a
END GROUP
START GROUP
LOAD d:/stm32cube_ide/stm32cubeide_1.7.0/stm32cubeide/plugins/com.st.stm32cube.ide.mcu.externaltools.gnu-tools-for-stm32.10.3-2021.10.win32_1.0.100.202210260954/tools/bin/../lib/gcc/arm-none-eabi/10.3.1/thumb/v7e-m+dp/hard\libgcc.a
LOAD d:/stm32cube_ide/stm32cubeide_1.7.0/stm32cubeide/plugins/com.st.stm32cube.ide.mcu.externaltools.gnu-tools-for-stm32.10.3-2021.10.win32_1.0.100.202210260954/tools/bin/../lib/gcc/arm-none-eabi/10.3.1/../../../../arm-none-eabi/lib/thumb/v7e-m+dp/hard\libc_nano.a
LOAD d:/stm32cube_ide/stm32cubeide_1.7.0/stm32cubeide/plugins/com.st.stm32cube.ide.mcu.externaltools.gnu-tools-for-stm32.10.3-2021.10.win32_1.0.100.202210260954/tools/bin/../lib/gcc/arm-none-eabi/10.3.1/../../../../arm-none-eabi/lib/thumb/v7e-m+dp/hard\libnosys.a
END GROUP
START GROUP
LOAD d:/stm32cube_ide/stm32cubeide_1.7.0/stm32cubeide/plugins/com.st.stm32cube.ide.mcu.externaltools.gnu-tools-for-stm32.10.3-2021.10.win32_1.0.100.202210260954/tools/bin/../lib/gcc/arm-none-eabi/10.3.1/thumb/v7e-m+dp/hard\libgcc.a
LOAD d:/stm32cube_ide/stm32cubeide_1.7.0/stm32cubeide/plugins/com.st.stm32cube.ide.mcu.externaltools.gnu-tools-for-stm32.10.3-2021.10.win32_1.0.100.202210260954/tools/bin/../lib/gcc/arm-none-eabi/10.3.1/../../../../arm-none-eabi/lib/thumb/v7e-m+dp/hard\libc_nano.a
LOAD d:/stm32cube_ide/stm32cubeide_1.7.0/stm32cubeide/plugins/com.st.stm32cube.ide.mcu.externaltools.gnu-tools-for-stm32.10.3-2021.10.win32_1.0.100.202210260954/tools/bin/../lib/gcc/arm-none-eabi/10.3.1/../../../../arm-none-eabi/lib/thumb/v7e-m+dp/hard\libnosys.a
END GROUP
LOAD d:/stm32cube_ide/stm32cubeide_1.7.0/stm32cubeide/plugins/com.st.stm32cube.ide.mcu.externaltools.gnu-tools-for-stm32.10.3-2021.10.win32_1.0.100.202210260954/tools/bin/../lib/gcc/arm-none-eabi/10.3.1/thumb/v7e-m+dp/hard/crtend.o
LOAD d:/stm32cube_ide/stm32cubeide_1.7.0/stm32cubeide/plugins/com.st.stm32cube.ide.mcu.externaltools.gnu-tools-for-stm32.10.3-2021.10.win32_1.0.100.202210260954/tools/bin/../lib/gcc/arm-none-eabi/10.3.1/thumb/v7e-m+dp/hard/crtn.o
                0x0000000024080000                _estack = (ORIGIN (RAM_D1) + LENGTH (RAM_D1))
                0x0000000000000200                _Min_Heap_Size = 0x200
                0x0000000000000400                _Min_Stack_Size = 0x400

.isr_vector     0x0000000008000000      0x298
                0x0000000008000000                . = ALIGN (0x4)
 *(.isr_vector)
 .isr_vector    0x0000000008000000      0x298 ./Core/Startup/startup_stm32h743zitx.o
                0x0000000008000000                g_pfnVectors
                0x0000000008000298                . = ALIGN (0x4)

.text           0x00000000080002a0     0xbe4c
                0x00000000080002a0                . = ALIGN (0x4)
 *(.text)
 .text          0x00000000080002a0       0x40 d:/stm32cube_ide/stm32cubeide_1.7.0/stm32cubeide/plugins/com.st.stm32cube.ide.mcu.externaltools.gnu-tools-for-stm32.10.3-2021.10.win32_1.0.100.202210260954/tools/bin/../lib/gcc/arm-none-eabi/10.3.1/thumb/v7e-m+dp/hard/crtbegin.o
 .text          0x00000000080002e0       0xa0 d:/stm32cube_ide/stm32cubeide_1.7.0/stm32cubeide/plugins/com.st.stm32cube.ide.mcu.externaltools.gnu-tools-for-stm32.10.3-2021.10.win32_1.0.100.202210260954/tools/bin/../lib/gcc/arm-none-eabi/10.3.1/../../../../arm-none-eabi/lib/thumb/v7e-m+dp/hard\libc_nano.a(lib_a-memchr.o)
                0x00000000080002e0                memchr
 .text          0x0000000008000380       0x30 d:/stm32cube_ide/stm32cubeide_1.7.0/stm32cubeide/plugins/com.st.stm32cube.ide.mcu.externaltools.gnu-tools-for-stm32.10.3-2021.10.win32_1.0.100.202210260954/tools/bin/../lib/gcc/arm-none-eabi/10.3.1/thumb/v7e-m+dp/hard\libgcc.a(_aeabi_uldivmod.o)
                0x0000000008000380                __aeabi_uldivmod
 .text          0x00000000080003b0      0x2d0 d:/stm32cube_ide/stm32cubeide_1.7.0/stm32cubeide/plugins/com.st.stm32cube.ide.mcu.externaltools.gnu-tools-for-stm32.10.3-2021.10.win32_1.0.100.202210260954/tools/bin/../lib/gcc/arm-none-eabi/10.3.1/thumb/v7e-m+dp/hard\libgcc.a(_udivmoddi4.o)
                0x00000000080003b0                __udivmoddi4
 .text          0x0000000008000680        0x4 d:/stm32cube_ide/stm32cubeide_1.7.0/stm32cubeide/plugins/com.st.stm32cube.ide.mcu.externaltools.gnu-tools-for-stm32.10.3-2021.10.win32_1.0.100.202210260954/tools/bin/../lib/gcc/arm-none-eabi/10.3.1/thumb/v7e-m+dp/hard\libgcc.a(_dvmd_tls.o)
                0x0000000008000680                __aeabi_idiv0
                0x0000000008000680                __aeabi_ldiv0
 *(.text*)
 .text.stbiw__sbgrowf
                0x0000000008000684       0xa8 ./Core/Src/main.o
 .text.stbiw__zlib_flushf
                0x000000000800072c       0x76 ./Core/Src/main.o
 .text.stbiw__zlib_bitrev
                0x00000000080007a2       0x3c ./Core/Src/main.o
 .text.stbiw__zlib_countm
                0x00000000080007de       0x4e ./Core/Src/main.o
 .text.stbiw__zhash
                0x000000000800082c       0x6e ./Core/Src/main.o
 *fill*         0x000000000800089a        0x2 
 .text.stbi_zlib_compress
                0x000000000800089c      0xb04 ./Core/Src/main.o
                0x000000000800089c                stbi_zlib_compress
 .text.stbiw__crc32
                0x00000000080013a0       0x58 ./Core/Src/main.o
 .text.stbiw__wpcrc
                0x00000000080013f8       0x6c ./Core/Src/main.o
 .text.stbiw__paeth
                0x0000000008001464       0x76 ./Core/Src/main.o
 *fill*         0x00000000080014da        0x2 
 .text.stbiw__encode_png_line
                0x00000000080014dc      0x37c ./Core/Src/main.o
 .text.stbi_write_png_to_mem
                0x0000000008001858      0x43c ./Core/Src/main.o
                0x0000000008001858                stbi_write_png_to_mem
 .text.follow_edges
                0x0000000008001c94       0xd8 ./Core/Src/main.o
                0x0000000008001c94                follow_edges
 .text.apply_hysteresis
                0x0000000008001d6c      0x5e4 ./Core/Src/main.o
                0x0000000008001d6c                apply_hysteresis
 .text.non_max_supp
                0x0000000008002350      0x7be ./Core/Src/main.o
                0x0000000008002350                non_max_supp
 *fill*         0x0000000008002b0e        0x2 
 .text.canny    0x0000000008002b10      0x124 ./Core/Src/main.o
                0x0000000008002b10                canny
 .text.magnitude_x_y
                0x0000000008002c34      0x110 ./Core/Src/main.o
                0x0000000008002c34                magnitude_x_y
 .text.derrivative_x_y
                0x0000000008002d44      0x260 ./Core/Src/main.o
                0x0000000008002d44                derrivative_x_y
 *fill*         0x0000000008002fa4        0x4 
 .text.gaussian_smooth
                0x0000000008002fa8      0x380 ./Core/Src/main.o
                0x0000000008002fa8                gaussian_smooth
 .text.make_gaussian_kernel
                0x0000000008003328      0x188 ./Core/Src/main.o
                0x0000000008003328                make_gaussian_kernel
 .text.startTimer
                0x00000000080034b0       0x28 ./Core/Src/main.o
                0x00000000080034b0                startTimer
 .text.main     0x00000000080034d8      0x128 ./Core/Src/main.o
                0x00000000080034d8                main
 .text.SystemClock_Config
                0x0000000008003600      0x100 ./Core/Src/main.o
                0x0000000008003600                SystemClock_Config
 .text.MX_ETH_Init
                0x0000000008003700       0x98 ./Core/Src/main.o
 .text.MX_TIM2_Init
                0x0000000008003798       0x9c ./Core/Src/main.o
 .text.MX_USART3_UART_Init
                0x0000000008003834       0x98 ./Core/Src/main.o
 .text.MX_USB_OTG_FS_PCD_Init
                0x00000000080038cc       0x64 ./Core/Src/main.o
 .text.MX_GPIO_Init
                0x0000000008003930      0x1b8 ./Core/Src/main.o
 .text.HAL_TIM_PeriodElapsedCallback
                0x0000000008003ae8       0x20 ./Core/Src/main.o
                0x0000000008003ae8                HAL_TIM_PeriodElapsedCallback
 .text.Error_Handler
                0x0000000008003b08        0xa ./Core/Src/main.o
                0x0000000008003b08                Error_Handler
 *fill*         0x0000000008003b12        0x2 
 .text.HAL_MspInit
                0x0000000008003b14       0x34 ./Core/Src/stm32h7xx_hal_msp.o
                0x0000000008003b14                HAL_MspInit
 .text.HAL_ETH_MspInit
                0x0000000008003b48      0x19c ./Core/Src/stm32h7xx_hal_msp.o
                0x0000000008003b48                HAL_ETH_MspInit
 .text.HAL_TIM_Base_MspInit
                0x0000000008003ce4       0x4c ./Core/Src/stm32h7xx_hal_msp.o
                0x0000000008003ce4                HAL_TIM_Base_MspInit
 .text.HAL_UART_MspInit
                0x0000000008003d30       0xd4 ./Core/Src/stm32h7xx_hal_msp.o
                0x0000000008003d30                HAL_UART_MspInit
 .text.HAL_PCD_MspInit
                0x0000000008003e04       0xf8 ./Core/Src/stm32h7xx_hal_msp.o
                0x0000000008003e04                HAL_PCD_MspInit
 .text.NMI_Handler
                0x0000000008003efc        0x6 ./Core/Src/stm32h7xx_it.o
                0x0000000008003efc                NMI_Handler
 .text.HardFault_Handler
                0x0000000008003f02        0x6 ./Core/Src/stm32h7xx_it.o
                0x0000000008003f02                HardFault_Handler
 .text.MemManage_Handler
                0x0000000008003f08        0x6 ./Core/Src/stm32h7xx_it.o
                0x0000000008003f08                MemManage_Handler
 .text.BusFault_Handler
                0x0000000008003f0e        0x6 ./Core/Src/stm32h7xx_it.o
                0x0000000008003f0e                BusFault_Handler
 .text.UsageFault_Handler
                0x0000000008003f14        0x6 ./Core/Src/stm32h7xx_it.o
                0x0000000008003f14                UsageFault_Handler
 .text.SVC_Handler
                0x0000000008003f1a        0xe ./Core/Src/stm32h7xx_it.o
                0x0000000008003f1a                SVC_Handler
 .text.DebugMon_Handler
                0x0000000008003f28        0xe ./Core/Src/stm32h7xx_it.o
                0x0000000008003f28                DebugMon_Handler
 .text.PendSV_Handler
                0x0000000008003f36        0xe ./Core/Src/stm32h7xx_it.o
                0x0000000008003f36                PendSV_Handler
 .text.SysTick_Handler
                0x0000000008003f44        0xc ./Core/Src/stm32h7xx_it.o
                0x0000000008003f44                SysTick_Handler
 .text.TIM2_IRQHandler
                0x0000000008003f50       0x14 ./Core/Src/stm32h7xx_it.o
                0x0000000008003f50                TIM2_IRQHandler
 .text._getpid  0x0000000008003f64       0x10 ./Core/Src/syscalls.o
                0x0000000008003f64                _getpid
 .text._kill    0x0000000008003f74       0x20 ./Core/Src/syscalls.o
                0x0000000008003f74                _kill
 .text._exit    0x0000000008003f94       0x14 ./Core/Src/syscalls.o
                0x0000000008003f94                _exit
 .text._read    0x0000000008003fa8       0x3a ./Core/Src/syscalls.o
                0x0000000008003fa8                _read
 .text._write   0x0000000008003fe2       0x38 ./Core/Src/syscalls.o
                0x0000000008003fe2                _write
 .text._close   0x000000000800401a       0x18 ./Core/Src/syscalls.o
                0x000000000800401a                _close
 .text._fstat   0x0000000008004032       0x20 ./Core/Src/syscalls.o
                0x0000000008004032                _fstat
 .text._isatty  0x0000000008004052       0x16 ./Core/Src/syscalls.o
                0x0000000008004052                _isatty
 .text._lseek   0x0000000008004068       0x1a ./Core/Src/syscalls.o
                0x0000000008004068                _lseek
 *fill*         0x0000000008004082        0x2 
 .text._sbrk    0x0000000008004084       0x6c ./Core/Src/sysmem.o
                0x0000000008004084                _sbrk
 .text.SystemInit
                0x00000000080040f0      0x110 ./Core/Src/system_stm32h7xx.o
                0x00000000080040f0                SystemInit
 .text.Reset_Handler
                0x0000000008004200       0x50 ./Core/Startup/startup_stm32h743zitx.o
                0x0000000008004200                Reset_Handler
 .text.Default_Handler
                0x0000000008004250        0x2 ./Core/Startup/startup_stm32h743zitx.o
                0x0000000008004250                RTC_Alarm_IRQHandler
                0x0000000008004250                EXTI2_IRQHandler
                0x0000000008004250                TIM8_CC_IRQHandler
                0x0000000008004250                HRTIM1_Master_IRQHandler
                0x0000000008004250                UART8_IRQHandler
                0x0000000008004250                SPI4_IRQHandler
                0x0000000008004250                TIM1_CC_IRQHandler
                0x0000000008004250                BDMA_Channel6_IRQHandler
                0x0000000008004250                DMA2_Stream5_IRQHandler
                0x0000000008004250                HRTIM1_FLT_IRQHandler
                0x0000000008004250                JPEG_IRQHandler
                0x0000000008004250                DMA1_Stream5_IRQHandler
                0x0000000008004250                BDMA_Channel1_IRQHandler
                0x0000000008004250                HRTIM1_TIMD_IRQHandler
                0x0000000008004250                TAMP_STAMP_IRQHandler
                0x0000000008004250                EXTI3_IRQHandler
                0x0000000008004250                LPTIM4_IRQHandler
                0x0000000008004250                TIM8_TRG_COM_TIM14_IRQHandler
                0x0000000008004250                LPTIM2_IRQHandler
                0x0000000008004250                DFSDM1_FLT1_IRQHandler
                0x0000000008004250                DMAMUX2_OVR_IRQHandler
                0x0000000008004250                TIM8_UP_TIM13_IRQHandler
                0x0000000008004250                I2C3_ER_IRQHandler
                0x0000000008004250                DFSDM1_FLT2_IRQHandler
                0x0000000008004250                MDMA_IRQHandler
                0x0000000008004250                LPTIM3_IRQHandler
                0x0000000008004250                HSEM1_IRQHandler
                0x0000000008004250                EXTI0_IRQHandler
                0x0000000008004250                I2C2_EV_IRQHandler
                0x0000000008004250                DMA1_Stream2_IRQHandler
                0x0000000008004250                FPU_IRQHandler
                0x0000000008004250                OTG_HS_WKUP_IRQHandler
                0x0000000008004250                FDCAN1_IT1_IRQHandler
                0x0000000008004250                LTDC_ER_IRQHandler
                0x0000000008004250                DMA2_Stream2_IRQHandler
                0x0000000008004250                HRTIM1_TIME_IRQHandler
                0x0000000008004250                SPI1_IRQHandler
                0x0000000008004250                TIM6_DAC_IRQHandler
                0x0000000008004250                DCMI_IRQHandler
                0x0000000008004250                HRTIM1_TIMC_IRQHandler
                0x0000000008004250                DMA2_Stream3_IRQHandler
                0x0000000008004250                SAI2_IRQHandler
                0x0000000008004250                DFSDM1_FLT3_IRQHandler
                0x0000000008004250                USART6_IRQHandler
                0x0000000008004250                TIM17_IRQHandler
                0x0000000008004250                USART3_IRQHandler
                0x0000000008004250                BDMA_Channel7_IRQHandler
                0x0000000008004250                LPTIM5_IRQHandler
                0x0000000008004250                UART5_IRQHandler
                0x0000000008004250                ADC3_IRQHandler
                0x0000000008004250                DMA2_Stream0_IRQHandler
                0x0000000008004250                TIM4_IRQHandler
                0x0000000008004250                BDMA_Channel2_IRQHandler
                0x0000000008004250                QUADSPI_IRQHandler
                0x0000000008004250                I2C1_EV_IRQHandler
                0x0000000008004250                DMA1_Stream6_IRQHandler
                0x0000000008004250                DMAMUX1_OVR_IRQHandler
                0x0000000008004250                DMA1_Stream1_IRQHandler
                0x0000000008004250                TIM16_IRQHandler
                0x0000000008004250                UART4_IRQHandler
                0x0000000008004250                BDMA_Channel5_IRQHandler
                0x0000000008004250                TIM3_IRQHandler
                0x0000000008004250                RCC_IRQHandler
                0x0000000008004250                TIM8_BRK_TIM12_IRQHandler
                0x0000000008004250                TIM1_TRG_COM_IRQHandler
                0x0000000008004250                Default_Handler
                0x0000000008004250                ECC_IRQHandler
                0x0000000008004250                CEC_IRQHandler
                0x0000000008004250                EXTI15_10_IRQHandler
                0x0000000008004250                BDMA_Channel0_IRQHandler
                0x0000000008004250                ADC_IRQHandler
                0x0000000008004250                DMA1_Stream7_IRQHandler
                0x0000000008004250                HRTIM1_TIMA_IRQHandler
                0x0000000008004250                SPI5_IRQHandler
                0x0000000008004250                TIM7_IRQHandler
                0x0000000008004250                SDMMC1_IRQHandler
                0x0000000008004250                TIM5_IRQHandler
                0x0000000008004250                DMA2_Stream7_IRQHandler
                0x0000000008004250                TIM15_IRQHandler
                0x0000000008004250                PVD_AVD_IRQHandler
                0x0000000008004250                I2C3_EV_IRQHandler
                0x0000000008004250                EXTI9_5_IRQHandler
                0x0000000008004250                RTC_WKUP_IRQHandler
                0x0000000008004250                LTDC_IRQHandler
                0x0000000008004250                SAI3_IRQHandler
                0x0000000008004250                ETH_WKUP_IRQHandler
                0x0000000008004250                SPDIF_RX_IRQHandler
                0x0000000008004250                SPI2_IRQHandler
                0x0000000008004250                OTG_HS_EP1_IN_IRQHandler
                0x0000000008004250                DMA1_Stream0_IRQHandler
                0x0000000008004250                CRS_IRQHandler
                0x0000000008004250                EXTI4_IRQHandler
                0x0000000008004250                RNG_IRQHandler
                0x0000000008004250                HRTIM1_TIMB_IRQHandler
                0x0000000008004250                FDCAN2_IT1_IRQHandler
                0x0000000008004250                ETH_IRQHandler
                0x0000000008004250                TIM1_UP_IRQHandler
                0x0000000008004250                BDMA_Channel4_IRQHandler
                0x0000000008004250                OTG_HS_EP1_OUT_IRQHandler
                0x0000000008004250                WWDG_IRQHandler
                0x0000000008004250                SPI6_IRQHandler
                0x0000000008004250                MDIOS_IRQHandler
                0x0000000008004250                I2C4_EV_IRQHandler
                0x0000000008004250                FDCAN2_IT0_IRQHandler
                0x0000000008004250                LPUART1_IRQHandler
                0x0000000008004250                FDCAN1_IT0_IRQHandler
                0x0000000008004250                OTG_FS_WKUP_IRQHandler
                0x0000000008004250                OTG_HS_IRQHandler
                0x0000000008004250                DMA2D_IRQHandler
                0x0000000008004250                TIM1_BRK_IRQHandler
                0x0000000008004250                EXTI1_IRQHandler
                0x0000000008004250                SDMMC2_IRQHandler
                0x0000000008004250                OTG_FS_EP1_OUT_IRQHandler
                0x0000000008004250                BDMA_Channel3_IRQHandler
                0x0000000008004250                UART7_IRQHandler
                0x0000000008004250                MDIOS_WKUP_IRQHandler
                0x0000000008004250                USART2_IRQHandler
                0x0000000008004250                DFSDM1_FLT0_IRQHandler
                0x0000000008004250                SAI4_IRQHandler
                0x0000000008004250                I2C2_ER_IRQHandler
                0x0000000008004250                DMA2_Stream1_IRQHandler
                0x0000000008004250                FLASH_IRQHandler
                0x0000000008004250                DMA2_Stream4_IRQHandler
                0x0000000008004250                USART1_IRQHandler
                0x0000000008004250                OTG_FS_IRQHandler
                0x0000000008004250                SPI3_IRQHandler
                0x0000000008004250                WAKEUP_PIN_IRQHandler
                0x0000000008004250                DMA1_Stream4_IRQHandler
                0x0000000008004250                OTG_FS_EP1_IN_IRQHandler
                0x0000000008004250                I2C1_ER_IRQHandler
                0x0000000008004250                FMC_IRQHandler
                0x0000000008004250                FDCAN_CAL_IRQHandler
                0x0000000008004250                SWPMI1_IRQHandler
                0x0000000008004250                COMP1_IRQHandler
                0x0000000008004250                LPTIM1_IRQHandler
                0x0000000008004250                I2C4_ER_IRQHandler
                0x0000000008004250                DMA2_Stream6_IRQHandler
                0x0000000008004250                SAI1_IRQHandler
                0x0000000008004250                DMA1_Stream3_IRQHandler
 *fill*         0x0000000008004252        0x2 
 .text.HAL_Init
                0x0000000008004254       0x78 ./Drivers/STM32H7xx_HAL_Driver/Src/stm32h7xx_hal.o
                0x0000000008004254                HAL_Init
 .text.HAL_InitTick
                0x00000000080042cc       0x6c ./Drivers/STM32H7xx_HAL_Driver/Src/stm32h7xx_hal.o
                0x00000000080042cc                HAL_InitTick
 .text.HAL_IncTick
                0x0000000008004338       0x28 ./Drivers/STM32H7xx_HAL_Driver/Src/stm32h7xx_hal.o
                0x0000000008004338                HAL_IncTick
 .text.HAL_GetTick
                0x0000000008004360       0x18 ./Drivers/STM32H7xx_HAL_Driver/Src/stm32h7xx_hal.o
                0x0000000008004360                HAL_GetTick
 .text.HAL_Delay
                0x0000000008004378       0x48 ./Drivers/STM32H7xx_HAL_Driver/Src/stm32h7xx_hal.o
                0x0000000008004378                HAL_Delay
 .text.HAL_GetREVID
                0x00000000080043c0       0x18 ./Drivers/STM32H7xx_HAL_Driver/Src/stm32h7xx_hal.o
                0x00000000080043c0                HAL_GetREVID
 .text.HAL_SYSCFG_ETHInterfaceSelect
                0x00000000080043d8       0x28 ./Drivers/STM32H7xx_HAL_Driver/Src/stm32h7xx_hal.o
                0x00000000080043d8                HAL_SYSCFG_ETHInterfaceSelect
 .text.__NVIC_SetPriorityGrouping
                0x0000000008004400       0x48 ./Drivers/STM32H7xx_HAL_Driver/Src/stm32h7xx_hal_cortex.o
 .text.__NVIC_GetPriorityGrouping
                0x0000000008004448       0x1c ./Drivers/STM32H7xx_HAL_Driver/Src/stm32h7xx_hal_cortex.o
 .text.__NVIC_EnableIRQ
                0x0000000008004464       0x3c ./Drivers/STM32H7xx_HAL_Driver/Src/stm32h7xx_hal_cortex.o
 .text.__NVIC_SetPriority
                0x00000000080044a0       0x54 ./Drivers/STM32H7xx_HAL_Driver/Src/stm32h7xx_hal_cortex.o
 .text.NVIC_EncodePriority
                0x00000000080044f4       0x66 ./Drivers/STM32H7xx_HAL_Driver/Src/stm32h7xx_hal_cortex.o
 *fill*         0x000000000800455a        0x2 
 .text.SysTick_Config
                0x000000000800455c       0x44 ./Drivers/STM32H7xx_HAL_Driver/Src/stm32h7xx_hal_cortex.o
 .text.HAL_NVIC_SetPriorityGrouping
                0x00000000080045a0       0x16 ./Drivers/STM32H7xx_HAL_Driver/Src/stm32h7xx_hal_cortex.o
                0x00000000080045a0                HAL_NVIC_SetPriorityGrouping
 .text.HAL_NVIC_SetPriority
                0x00000000080045b6       0x34 ./Drivers/STM32H7xx_HAL_Driver/Src/stm32h7xx_hal_cortex.o
                0x00000000080045b6                HAL_NVIC_SetPriority
 .text.HAL_NVIC_EnableIRQ
                0x00000000080045ea       0x1c ./Drivers/STM32H7xx_HAL_Driver/Src/stm32h7xx_hal_cortex.o
                0x00000000080045ea                HAL_NVIC_EnableIRQ
 .text.HAL_SYSTICK_Config
                0x0000000008004606       0x18 ./Drivers/STM32H7xx_HAL_Driver/Src/stm32h7xx_hal_cortex.o
                0x0000000008004606                HAL_SYSTICK_Config
 *fill*         0x000000000800461e        0x2 
 .text.HAL_ETH_Init
                0x0000000008004620      0x1cc ./Drivers/STM32H7xx_HAL_Driver/Src/stm32h7xx_hal_eth.o
                0x0000000008004620                HAL_ETH_Init
 .text.HAL_ETH_SetMDIOClockRange
                0x00000000080047ec       0xb0 ./Drivers/STM32H7xx_HAL_Driver/Src/stm32h7xx_hal_eth.o
                0x00000000080047ec                HAL_ETH_SetMDIOClockRange
 .text.ETH_SetMACConfig
                0x000000000800489c      0x238 ./Drivers/STM32H7xx_HAL_Driver/Src/stm32h7xx_hal_eth.o
 .text.ETH_SetDMAConfig
                0x0000000008004ad4      0x10c ./Drivers/STM32H7xx_HAL_Driver/Src/stm32h7xx_hal_eth.o
 .text.ETH_MACDMAConfig
                0x0000000008004be0      0x13a ./Drivers/STM32H7xx_HAL_Driver/Src/stm32h7xx_hal_eth.o
 .text.ETH_DMATxDescListInit
                0x0000000008004d1a       0x92 ./Drivers/STM32H7xx_HAL_Driver/Src/stm32h7xx_hal_eth.o
 .text.ETH_DMARxDescListInit
                0x0000000008004dac       0xba ./Drivers/STM32H7xx_HAL_Driver/Src/stm32h7xx_hal_eth.o
 *fill*         0x0000000008004e66        0x2 
 .text.HAL_GPIO_Init
                0x0000000008004e68      0x360 ./Drivers/STM32H7xx_HAL_Driver/Src/stm32h7xx_hal_gpio.o
                0x0000000008004e68                HAL_GPIO_Init
 .text.HAL_GPIO_WritePin
                0x00000000080051c8       0x32 ./Drivers/STM32H7xx_HAL_Driver/Src/stm32h7xx_hal_gpio.o
                0x00000000080051c8                HAL_GPIO_WritePin
 .text.HAL_GPIO_TogglePin
                0x00000000080051fa       0x34 ./Drivers/STM32H7xx_HAL_Driver/Src/stm32h7xx_hal_gpio.o
                0x00000000080051fa                HAL_GPIO_TogglePin
 .text.HAL_PCD_Init
                0x000000000800522e      0x248 ./Drivers/STM32H7xx_HAL_Driver/Src/stm32h7xx_hal_pcd.o
                0x000000000800522e                HAL_PCD_Init
 *fill*         0x0000000008005476        0x2 
 .text.HAL_PCDEx_ActivateLPM
                0x0000000008005478       0x48 ./Drivers/STM32H7xx_HAL_Driver/Src/stm32h7xx_hal_pcd_ex.o
                0x0000000008005478                HAL_PCDEx_ActivateLPM
 .text.HAL_PWREx_ConfigSupply
                0x00000000080054c0       0x74 ./Drivers/STM32H7xx_HAL_Driver/Src/stm32h7xx_hal_pwr_ex.o
                0x00000000080054c0                HAL_PWREx_ConfigSupply
 .text.HAL_PWREx_EnableUSBVoltageDetector
                0x0000000008005534       0x20 ./Drivers/STM32H7xx_HAL_Driver/Src/stm32h7xx_hal_pwr_ex.o
                0x0000000008005534                HAL_PWREx_EnableUSBVoltageDetector
 .text.HAL_RCC_OscConfig
                0x0000000008005554      0x8b4 ./Drivers/STM32H7xx_HAL_Driver/Src/stm32h7xx_hal_rcc.o
                0x0000000008005554                HAL_RCC_OscConfig
 .text.HAL_RCC_ClockConfig
                0x0000000008005e08      0x36c ./Drivers/STM32H7xx_HAL_Driver/Src/stm32h7xx_hal_rcc.o
                0x0000000008005e08                HAL_RCC_ClockConfig
 .text.HAL_RCC_GetSysClockFreq
                0x0000000008006174      0x2f4 ./Drivers/STM32H7xx_HAL_Driver/Src/stm32h7xx_hal_rcc.o
                0x0000000008006174                HAL_RCC_GetSysClockFreq
 .text.HAL_RCC_GetHCLKFreq
                0x0000000008006468       0x60 ./Drivers/STM32H7xx_HAL_Driver/Src/stm32h7xx_hal_rcc.o
                0x0000000008006468                HAL_RCC_GetHCLKFreq
 .text.HAL_RCC_GetPCLK1Freq
                0x00000000080064c8       0x2c ./Drivers/STM32H7xx_HAL_Driver/Src/stm32h7xx_hal_rcc.o
                0x00000000080064c8                HAL_RCC_GetPCLK1Freq
 .text.HAL_RCC_GetPCLK2Freq
                0x00000000080064f4       0x2c ./Drivers/STM32H7xx_HAL_Driver/Src/stm32h7xx_hal_rcc.o
                0x00000000080064f4                HAL_RCC_GetPCLK2Freq
 .text.HAL_RCCEx_PeriphCLKConfig
                0x0000000008006520     0x1414 ./Drivers/STM32H7xx_HAL_Driver/Src/stm32h7xx_hal_rcc_ex.o
                0x0000000008006520                HAL_RCCEx_PeriphCLKConfig
 .text.HAL_RCCEx_GetD3PCLK1Freq
                0x0000000008007934       0x2c ./Drivers/STM32H7xx_HAL_Driver/Src/stm32h7xx_hal_rcc_ex.o
                0x0000000008007934                HAL_RCCEx_GetD3PCLK1Freq
 .text.HAL_RCCEx_GetPLL2ClockFreq
                0x0000000008007960      0x2a8 ./Drivers/STM32H7xx_HAL_Driver/Src/stm32h7xx_hal_rcc_ex.o
                0x0000000008007960                HAL_RCCEx_GetPLL2ClockFreq
 .text.HAL_RCCEx_GetPLL3ClockFreq
                0x0000000008007c08      0x2a8 ./Drivers/STM32H7xx_HAL_Driver/Src/stm32h7xx_hal_rcc_ex.o
                0x0000000008007c08                HAL_RCCEx_GetPLL3ClockFreq
 .text.RCCEx_PLL2_Config
                0x0000000008007eb0      0x164 ./Drivers/STM32H7xx_HAL_Driver/Src/stm32h7xx_hal_rcc_ex.o
 .text.RCCEx_PLL3_Config
                0x0000000008008014      0x164 ./Drivers/STM32H7xx_HAL_Driver/Src/stm32h7xx_hal_rcc_ex.o
 .text.HAL_TIM_Base_Init
                0x0000000008008178       0xae ./Drivers/STM32H7xx_HAL_Driver/Src/stm32h7xx_hal_tim.o
                0x0000000008008178                HAL_TIM_Base_Init
 *fill*         0x0000000008008226        0x2 
 .text.HAL_TIM_Base_Start_IT
                0x0000000008008228       0xf0 ./Drivers/STM32H7xx_HAL_Driver/Src/stm32h7xx_hal_tim.o
                0x0000000008008228                HAL_TIM_Base_Start_IT
 .text.HAL_TIM_IRQHandler
                0x0000000008008318      0x23e ./Drivers/STM32H7xx_HAL_Driver/Src/stm32h7xx_hal_tim.o
                0x0000000008008318                HAL_TIM_IRQHandler
 *fill*         0x0000000008008556        0x2 
 .text.HAL_TIM_ConfigClockSource
                0x0000000008008558      0x1f0 ./Drivers/STM32H7xx_HAL_Driver/Src/stm32h7xx_hal_tim.o
                0x0000000008008558                HAL_TIM_ConfigClockSource
 .text.HAL_TIM_OC_DelayElapsedCallback
                0x0000000008008748       0x14 ./Drivers/STM32H7xx_HAL_Driver/Src/stm32h7xx_hal_tim.o
                0x0000000008008748                HAL_TIM_OC_DelayElapsedCallback
 .text.HAL_TIM_IC_CaptureCallback
                0x000000000800875c       0x14 ./Drivers/STM32H7xx_HAL_Driver/Src/stm32h7xx_hal_tim.o
                0x000000000800875c                HAL_TIM_IC_CaptureCallback
 .text.HAL_TIM_PWM_PulseFinishedCallback
                0x0000000008008770       0x14 ./Drivers/STM32H7xx_HAL_Driver/Src/stm32h7xx_hal_tim.o
                0x0000000008008770                HAL_TIM_PWM_PulseFinishedCallback
 .text.HAL_TIM_TriggerCallback
                0x0000000008008784       0x14 ./Drivers/STM32H7xx_HAL_Driver/Src/stm32h7xx_hal_tim.o
                0x0000000008008784                HAL_TIM_TriggerCallback
 .text.TIM_Base_SetConfig
                0x0000000008008798      0x134 ./Drivers/STM32H7xx_HAL_Driver/Src/stm32h7xx_hal_tim.o
                0x0000000008008798                TIM_Base_SetConfig
 .text.TIM_TI1_ConfigInputStage
                0x00000000080088cc       0x5e ./Drivers/STM32H7xx_HAL_Driver/Src/stm32h7xx_hal_tim.o
 .text.TIM_TI2_ConfigInputStage
                0x000000000800892a       0x60 ./Drivers/STM32H7xx_HAL_Driver/Src/stm32h7xx_hal_tim.o
 *fill*         0x000000000800898a        0x2 
 .text.TIM_ITRx_SetConfig
                0x000000000800898c       0x3c ./Drivers/STM32H7xx_HAL_Driver/Src/stm32h7xx_hal_tim.o
 .text.TIM_ETR_SetConfig
                0x00000000080089c8       0x40 ./Drivers/STM32H7xx_HAL_Driver/Src/stm32h7xx_hal_tim.o
                0x00000000080089c8                TIM_ETR_SetConfig
 .text.HAL_TIMEx_MasterConfigSynchronization
                0x0000000008008a08      0x11c ./Drivers/STM32H7xx_HAL_Driver/Src/stm32h7xx_hal_tim_ex.o
                0x0000000008008a08                HAL_TIMEx_MasterConfigSynchronization
 .text.HAL_TIMEx_CommutCallback
                0x0000000008008b24       0x14 ./Drivers/STM32H7xx_HAL_Driver/Src/stm32h7xx_hal_tim_ex.o
                0x0000000008008b24                HAL_TIMEx_CommutCallback
 .text.HAL_TIMEx_BreakCallback
                0x0000000008008b38       0x14 ./Drivers/STM32H7xx_HAL_Driver/Src/stm32h7xx_hal_tim_ex.o
                0x0000000008008b38                HAL_TIMEx_BreakCallback
 .text.HAL_TIMEx_Break2Callback
                0x0000000008008b4c       0x14 ./Drivers/STM32H7xx_HAL_Driver/Src/stm32h7xx_hal_tim_ex.o
                0x0000000008008b4c                HAL_TIMEx_Break2Callback
 .text.HAL_UART_Init
                0x0000000008008b60       0xa0 ./Drivers/STM32H7xx_HAL_Driver/Src/stm32h7xx_hal_uart.o
                0x0000000008008b60                HAL_UART_Init
 .text.HAL_UART_Transmit
                0x0000000008008c00      0x11c ./Drivers/STM32H7xx_HAL_Driver/Src/stm32h7xx_hal_uart.o
                0x0000000008008c00                HAL_UART_Transmit
 .text.UART_SetConfig
                0x0000000008008d1c      0xad0 ./Drivers/STM32H7xx_HAL_Driver/Src/stm32h7xx_hal_uart.o
                0x0000000008008d1c                UART_SetConfig
 .text.UART_AdvFeatureConfig
                0x00000000080097ec      0x144 ./Drivers/STM32H7xx_HAL_Driver/Src/stm32h7xx_hal_uart.o
                0x00000000080097ec                UART_AdvFeatureConfig
 .text.UART_CheckIdleState
                0x0000000008009930      0x154 ./Drivers/STM32H7xx_HAL_Driver/Src/stm32h7xx_hal_uart.o
                0x0000000008009930                UART_CheckIdleState
 .text.UART_WaitOnFlagUntilTimeout
                0x0000000008009a84       0xce ./Drivers/STM32H7xx_HAL_Driver/Src/stm32h7xx_hal_uart.o
                0x0000000008009a84                UART_WaitOnFlagUntilTimeout
 *fill*         0x0000000008009b52        0x2 
 .text.UART_EndRxTransfer
                0x0000000008009b54       0xcc ./Drivers/STM32H7xx_HAL_Driver/Src/stm32h7xx_hal_uart.o
 .text.HAL_UARTEx_DisableFifoMode
                0x0000000008009c20       0x72 ./Drivers/STM32H7xx_HAL_Driver/Src/stm32h7xx_hal_uart_ex.o
                0x0000000008009c20                HAL_UARTEx_DisableFifoMode
 .text.HAL_UARTEx_SetTxFifoThreshold
                0x0000000008009c92       0x7c ./Drivers/STM32H7xx_HAL_Driver/Src/stm32h7xx_hal_uart_ex.o
                0x0000000008009c92                HAL_UARTEx_SetTxFifoThreshold
 .text.HAL_UARTEx_SetRxFifoThreshold
                0x0000000008009d0e       0x7c ./Drivers/STM32H7xx_HAL_Driver/Src/stm32h7xx_hal_uart_ex.o
                0x0000000008009d0e                HAL_UARTEx_SetRxFifoThreshold
 *fill*         0x0000000008009d8a        0x2 
 .text.UARTEx_SetNbDataToProcess
                0x0000000008009d8c       0x9c ./Drivers/STM32H7xx_HAL_Driver/Src/stm32h7xx_hal_uart_ex.o
 .text.USB_CoreInit
                0x0000000008009e28       0xdc ./Drivers/STM32H7xx_HAL_Driver/Src/stm32h7xx_ll_usb.o
                0x0000000008009e28                USB_CoreInit
 .text.USB_DisableGlobalInt
                0x0000000008009f04       0x22 ./Drivers/STM32H7xx_HAL_Driver/Src/stm32h7xx_ll_usb.o
                0x0000000008009f04                USB_DisableGlobalInt
 .text.USB_SetCurrentMode
                0x0000000008009f26       0x98 ./Drivers/STM32H7xx_HAL_Driver/Src/stm32h7xx_ll_usb.o
                0x0000000008009f26                USB_SetCurrentMode
 *fill*         0x0000000008009fbe        0x2 
 .text.USB_DevInit
                0x0000000008009fc0      0x2bc ./Drivers/STM32H7xx_HAL_Driver/Src/stm32h7xx_ll_usb.o
                0x0000000008009fc0                USB_DevInit
 .text.USB_FlushTxFifo
                0x000000000800a27c       0x68 ./Drivers/STM32H7xx_HAL_Driver/Src/stm32h7xx_ll_usb.o
                0x000000000800a27c                USB_FlushTxFifo
 .text.USB_FlushRxFifo
                0x000000000800a2e4       0x60 ./Drivers/STM32H7xx_HAL_Driver/Src/stm32h7xx_ll_usb.o
                0x000000000800a2e4                USB_FlushRxFifo
 .text.USB_SetDevSpeed
                0x000000000800a344       0x32 ./Drivers/STM32H7xx_HAL_Driver/Src/stm32h7xx_ll_usb.o
                0x000000000800a344                USB_SetDevSpeed
 .text.USB_DevDisconnect
                0x000000000800a376       0x42 ./Drivers/STM32H7xx_HAL_Driver/Src/stm32h7xx_ll_usb.o
                0x000000000800a376                USB_DevDisconnect
 .text.USB_GetMode
                0x000000000800a3b8       0x1c ./Drivers/STM32H7xx_HAL_Driver/Src/stm32h7xx_ll_usb.o
                0x000000000800a3b8                USB_GetMode
 .text.USB_CoreReset
                0x000000000800a3d4       0x68 ./Drivers/STM32H7xx_HAL_Driver/Src/stm32h7xx_ll_usb.o
 .text.checkint
                0x000000000800a43c       0x68 d:/stm32cube_ide/stm32cubeide_1.7.0/stm32cubeide/plugins/com.st.stm32cube.ide.mcu.externaltools.gnu-tools-for-stm32.10.3-2021.10.win32_1.0.100.202210260954/tools/bin/../lib/gcc/arm-none-eabi/10.3.1/../../../../arm-none-eabi/lib/thumb/v7e-m+dp/hard\libm.a(lib_a-pow.o)
 *fill*         0x000000000800a4a4        0x4 
 .text.pow      0x000000000800a4a8      0x4a4 d:/stm32cube_ide/stm32cubeide_1.7.0/stm32cubeide/plugins/com.st.stm32cube.ide.mcu.externaltools.gnu-tools-for-stm32.10.3-2021.10.win32_1.0.100.202210260954/tools/bin/../lib/gcc/arm-none-eabi/10.3.1/../../../../arm-none-eabi/lib/thumb/v7e-m+dp/hard\libm.a(lib_a-pow.o)
                0x000000000800a4a8                pow
 *fill*         0x000000000800a94c        0x4 
 .text.ceil     0x000000000800a950       0xf0 d:/stm32cube_ide/stm32cubeide_1.7.0/stm32cubeide/plugins/com.st.stm32cube.ide.mcu.externaltools.gnu-tools-for-stm32.10.3-2021.10.win32_1.0.100.202210260954/tools/bin/../lib/gcc/arm-none-eabi/10.3.1/../../../../arm-none-eabi/lib/thumb/v7e-m+dp/hard\libm.a(lib_a-s_ceil.o)
                0x000000000800a950                ceil
 .text.sqrt     0x000000000800aa40       0x40 d:/stm32cube_ide/stm32cubeide_1.7.0/stm32cubeide/plugins/com.st.stm32cube.ide.mcu.externaltools.gnu-tools-for-stm32.10.3-2021.10.win32_1.0.100.202210260954/tools/bin/../lib/gcc/arm-none-eabi/10.3.1/../../../../arm-none-eabi/lib/thumb/v7e-m+dp/hard\libm.a(lib_a-w_sqrt.o)
                0x000000000800aa40                sqrt
 .text.__ieee754_sqrt
                0x000000000800aa80        0x6 d:/stm32cube_ide/stm32cubeide_1.7.0/stm32cubeide/plugins/com.st.stm32cube.ide.mcu.externaltools.gnu-tools-for-stm32.10.3-2021.10.win32_1.0.100.202210260954/tools/bin/../lib/gcc/arm-none-eabi/10.3.1/../../../../arm-none-eabi/lib/thumb/v7e-m+dp/hard\libm.a(lib_a-e_sqrt.o)
                0x000000000800aa80                __ieee754_sqrt
 .text.with_errno
                0x000000000800aa86       0x16 d:/stm32cube_ide/stm32cubeide_1.7.0/stm32cubeide/plugins/com.st.stm32cube.ide.mcu.externaltools.gnu-tools-for-stm32.10.3-2021.10.win32_1.0.100.202210260954/tools/bin/../lib/gcc/arm-none-eabi/10.3.1/../../../../arm-none-eabi/lib/thumb/v7e-m+dp/hard\libm.a(lib_a-math_err.o)
 .text.xflow    0x000000000800aa9c       0x22 d:/stm32cube_ide/stm32cubeide_1.7.0/stm32cubeide/plugins/com.st.stm32cube.ide.mcu.externaltools.gnu-tools-for-stm32.10.3-2021.10.win32_1.0.100.202210260954/tools/bin/../lib/gcc/arm-none-eabi/10.3.1/../../../../arm-none-eabi/lib/thumb/v7e-m+dp/hard\libm.a(lib_a-math_err.o)
 *fill*         0x000000000800aabe        0x2 
 .text.__math_uflow
                0x000000000800aac0       0x10 d:/stm32cube_ide/stm32cubeide_1.7.0/stm32cubeide/plugins/com.st.stm32cube.ide.mcu.externaltools.gnu-tools-for-stm32.10.3-2021.10.win32_1.0.100.202210260954/tools/bin/../lib/gcc/arm-none-eabi/10.3.1/../../../../arm-none-eabi/lib/thumb/v7e-m+dp/hard\libm.a(lib_a-math_err.o)
                0x000000000800aac0                __math_uflow
 .text.__math_oflow
                0x000000000800aad0       0x10 d:/stm32cube_ide/stm32cubeide_1.7.0/stm32cubeide/plugins/com.st.stm32cube.ide.mcu.externaltools.gnu-tools-for-stm32.10.3-2021.10.win32_1.0.100.202210260954/tools/bin/../lib/gcc/arm-none-eabi/10.3.1/../../../../arm-none-eabi/lib/thumb/v7e-m+dp/hard\libm.a(lib_a-math_err.o)
                0x000000000800aad0                __math_oflow
 .text.__math_divzero
                0x000000000800aae0       0x30 d:/stm32cube_ide/stm32cubeide_1.7.0/stm32cubeide/plugins/com.st.stm32cube.ide.mcu.externaltools.gnu-tools-for-stm32.10.3-2021.10.win32_1.0.100.202210260954/tools/bin/../lib/gcc/arm-none-eabi/10.3.1/../../../../arm-none-eabi/lib/thumb/v7e-m+dp/hard\libm.a(lib_a-math_err.o)
                0x000000000800aae0                __math_divzero
 .text.__math_invalid
                0x000000000800ab10       0x1e d:/stm32cube_ide/stm32cubeide_1.7.0/stm32cubeide/plugins/com.st.stm32cube.ide.mcu.externaltools.gnu-tools-for-stm32.10.3-2021.10.win32_1.0.100.202210260954/tools/bin/../lib/gcc/arm-none-eabi/10.3.1/../../../../arm-none-eabi/lib/thumb/v7e-m+dp/hard\libm.a(lib_a-math_err.o)
                0x000000000800ab10                __math_invalid
 .text.__math_check_uflow
                0x000000000800ab2e       0x12 d:/stm32cube_ide/stm32cubeide_1.7.0/stm32cubeide/plugins/com.st.stm32cube.ide.mcu.externaltools.gnu-tools-for-stm32.10.3-2021.10.win32_1.0.100.202210260954/tools/bin/../lib/gcc/arm-none-eabi/10.3.1/../../../../arm-none-eabi/lib/thumb/v7e-m+dp/hard\libm.a(lib_a-math_err.o)
                0x000000000800ab2e                __math_check_uflow
 .text.__math_check_oflow
                0x000000000800ab40       0x28 d:/stm32cube_ide/stm32cubeide_1.7.0/stm32cubeide/plugins/com.st.stm32cube.ide.mcu.externaltools.gnu-tools-for-stm32.10.3-2021.10.win32_1.0.100.202210260954/tools/bin/../lib/gcc/arm-none-eabi/10.3.1/../../../../arm-none-eabi/lib/thumb/v7e-m+dp/hard\libm.a(lib_a-math_err.o)
                0x000000000800ab40                __math_check_oflow
 .text.__assert_func
                0x000000000800ab68       0x3c d:/stm32cube_ide/stm32cubeide_1.7.0/stm32cubeide/plugins/com.st.stm32cube.ide.mcu.externaltools.gnu-tools-for-stm32.10.3-2021.10.win32_1.0.100.202210260954/tools/bin/../lib/gcc/arm-none-eabi/10.3.1/../../../../arm-none-eabi/lib/thumb/v7e-m+dp/hard\libc_nano.a(lib_a-assert.o)
                0x000000000800ab68                __assert_func
 .text.calloc   0x000000000800aba4       0x10 d:/stm32cube_ide/stm32cubeide_1.7.0/stm32cubeide/plugins/com.st.stm32cube.ide.mcu.externaltools.gnu-tools-for-stm32.10.3-2021.10.win32_1.0.100.202210260954/tools/bin/../lib/gcc/arm-none-eabi/10.3.1/../../../../arm-none-eabi/lib/thumb/v7e-m+dp/hard\libc_nano.a(lib_a-calloc.o)
                0x000000000800aba4                calloc
 .text.__errno  0x000000000800abb4        0xc d:/stm32cube_ide/stm32cubeide_1.7.0/stm32cubeide/plugins/com.st.stm32cube.ide.mcu.externaltools.gnu-tools-for-stm32.10.3-2021.10.win32_1.0.100.202210260954/tools/bin/../lib/gcc/arm-none-eabi/10.3.1/../../../../arm-none-eabi/lib/thumb/v7e-m+dp/hard\libc_nano.a(lib_a-errno.o)
                0x000000000800abb4                __errno
 .text.exit     0x000000000800abc0       0x28 d:/stm32cube_ide/stm32cubeide_1.7.0/stm32cubeide/plugins/com.st.stm32cube.ide.mcu.externaltools.gnu-tools-for-stm32.10.3-2021.10.win32_1.0.100.202210260954/tools/bin/../lib/gcc/arm-none-eabi/10.3.1/../../../../arm-none-eabi/lib/thumb/v7e-m+dp/hard\libc_nano.a(lib_a-exit.o)
                0x000000000800abc0                exit
 .text.__sflush_r
                0x000000000800abe8      0x10c d:/stm32cube_ide/stm32cubeide_1.7.0/stm32cubeide/plugins/com.st.stm32cube.ide.mcu.externaltools.gnu-tools-for-stm32.10.3-2021.10.win32_1.0.100.202210260954/tools/bin/../lib/gcc/arm-none-eabi/10.3.1/../../../../arm-none-eabi/lib/thumb/v7e-m+dp/hard\libc_nano.a(lib_a-fflush.o)
                0x000000000800abe8                __sflush_r
 .text._fflush_r
                0x000000000800acf4       0x78 d:/stm32cube_ide/stm32cubeide_1.7.0/stm32cubeide/plugins/com.st.stm32cube.ide.mcu.externaltools.gnu-tools-for-stm32.10.3-2021.10.win32_1.0.100.202210260954/tools/bin/../lib/gcc/arm-none-eabi/10.3.1/../../../../arm-none-eabi/lib/thumb/v7e-m+dp/hard\libc_nano.a(lib_a-fflush.o)
                0x000000000800acf4                _fflush_r
 .text.std      0x000000000800ad6c       0x48 d:/stm32cube_ide/stm32cubeide_1.7.0/stm32cubeide/plugins/com.st.stm32cube.ide.mcu.externaltools.gnu-tools-for-stm32.10.3-2021.10.win32_1.0.100.202210260954/tools/bin/../lib/gcc/arm-none-eabi/10.3.1/../../../../arm-none-eabi/lib/thumb/v7e-m+dp/hard\libc_nano.a(lib_a-findfp.o)
 .text._cleanup_r
                0x000000000800adb4        0xc d:/stm32cube_ide/stm32cubeide_1.7.0/stm32cubeide/plugins/com.st.stm32cube.ide.mcu.externaltools.gnu-tools-for-stm32.10.3-2021.10.win32_1.0.100.202210260954/tools/bin/../lib/gcc/arm-none-eabi/10.3.1/../../../../arm-none-eabi/lib/thumb/v7e-m+dp/hard\libc_nano.a(lib_a-findfp.o)
                0x000000000800adb4                _cleanup_r
 .text.__sfmoreglue
                0x000000000800adc0       0x2c d:/stm32cube_ide/stm32cubeide_1.7.0/stm32cubeide/plugins/com.st.stm32cube.ide.mcu.externaltools.gnu-tools-for-stm32.10.3-2021.10.win32_1.0.100.202210260954/tools/bin/../lib/gcc/arm-none-eabi/10.3.1/../../../../arm-none-eabi/lib/thumb/v7e-m+dp/hard\libc_nano.a(lib_a-findfp.o)
                0x000000000800adc0                __sfmoreglue
 .text.__sfp_lock_acquire
                0x000000000800adec        0xc d:/stm32cube_ide/stm32cubeide_1.7.0/stm32cubeide/plugins/com.st.stm32cube.ide.mcu.externaltools.gnu-tools-for-stm32.10.3-2021.10.win32_1.0.100.202210260954/tools/bin/../lib/gcc/arm-none-eabi/10.3.1/../../../../arm-none-eabi/lib/thumb/v7e-m+dp/hard\libc_nano.a(lib_a-findfp.o)
                0x000000000800adec                __sfp_lock_acquire
 .text.__sfp_lock_release
                0x000000000800adf8        0xc d:/stm32cube_ide/stm32cubeide_1.7.0/stm32cubeide/plugins/com.st.stm32cube.ide.mcu.externaltools.gnu-tools-for-stm32.10.3-2021.10.win32_1.0.100.202210260954/tools/bin/../lib/gcc/arm-none-eabi/10.3.1/../../../../arm-none-eabi/lib/thumb/v7e-m+dp/hard\libc_nano.a(lib_a-findfp.o)
                0x000000000800adf8                __sfp_lock_release
 .text.__sinit_lock_acquire
                0x000000000800ae04        0xc d:/stm32cube_ide/stm32cubeide_1.7.0/stm32cubeide/plugins/com.st.stm32cube.ide.mcu.externaltools.gnu-tools-for-stm32.10.3-2021.10.win32_1.0.100.202210260954/tools/bin/../lib/gcc/arm-none-eabi/10.3.1/../../../../arm-none-eabi/lib/thumb/v7e-m+dp/hard\libc_nano.a(lib_a-findfp.o)
                0x000000000800ae04                __sinit_lock_acquire
 .text.__sinit_lock_release
                0x000000000800ae10        0xc d:/stm32cube_ide/stm32cubeide_1.7.0/stm32cubeide/plugins/com.st.stm32cube.ide.mcu.externaltools.gnu-tools-for-stm32.10.3-2021.10.win32_1.0.100.202210260954/tools/bin/../lib/gcc/arm-none-eabi/10.3.1/../../../../arm-none-eabi/lib/thumb/v7e-m+dp/hard\libc_nano.a(lib_a-findfp.o)
                0x000000000800ae10                __sinit_lock_release
 .text.__sinit  0x000000000800ae1c       0x70 d:/stm32cube_ide/stm32cubeide_1.7.0/stm32cubeide/plugins/com.st.stm32cube.ide.mcu.externaltools.gnu-tools-for-stm32.10.3-2021.10.win32_1.0.100.202210260954/tools/bin/../lib/gcc/arm-none-eabi/10.3.1/../../../../arm-none-eabi/lib/thumb/v7e-m+dp/hard\libc_nano.a(lib_a-findfp.o)
                0x000000000800ae1c                __sinit
 .text.__sfp    0x000000000800ae8c       0x8c d:/stm32cube_ide/stm32cubeide_1.7.0/stm32cubeide/plugins/com.st.stm32cube.ide.mcu.externaltools.gnu-tools-for-stm32.10.3-2021.10.win32_1.0.100.202210260954/tools/bin/../lib/gcc/arm-none-eabi/10.3.1/../../../../arm-none-eabi/lib/thumb/v7e-m+dp/hard\libc_nano.a(lib_a-findfp.o)
                0x000000000800ae8c                __sfp
 .text.fprintf  0x000000000800af18       0x24 d:/stm32cube_ide/stm32cubeide_1.7.0/stm32cubeide/plugins/com.st.stm32cube.ide.mcu.externaltools.gnu-tools-for-stm32.10.3-2021.10.win32_1.0.100.202210260954/tools/bin/../lib/gcc/arm-none-eabi/10.3.1/../../../../arm-none-eabi/lib/thumb/v7e-m+dp/hard\libc_nano.a(lib_a-fprintf.o)
                0x000000000800af18                fiprintf
                0x000000000800af18                fprintf
 .text._fwalk_reent
                0x000000000800af3c       0x3e d:/stm32cube_ide/stm32cubeide_1.7.0/stm32cubeide/plugins/com.st.stm32cube.ide.mcu.externaltools.gnu-tools-for-stm32.10.3-2021.10.win32_1.0.100.202210260954/tools/bin/../lib/gcc/arm-none-eabi/10.3.1/../../../../arm-none-eabi/lib/thumb/v7e-m+dp/hard\libc_nano.a(lib_a-fwalk.o)
                0x000000000800af3c                _fwalk_reent
 *fill*         0x000000000800af7a        0x2 
 .text._fwrite_r
                0x000000000800af7c       0xc0 d:/stm32cube_ide/stm32cubeide_1.7.0/stm32cubeide/plugins/com.st.stm32cube.ide.mcu.externaltools.gnu-tools-for-stm32.10.3-2021.10.win32_1.0.100.202210260954/tools/bin/../lib/gcc/arm-none-eabi/10.3.1/../../../../arm-none-eabi/lib/thumb/v7e-m+dp/hard\libc_nano.a(lib_a-fwrite.o)
                0x000000000800af7c                _fwrite_r
 .text.fwrite   0x000000000800b03c       0x1c d:/stm32cube_ide/stm32cubeide_1.7.0/stm32cubeide/plugins/com.st.stm32cube.ide.mcu.externaltools.gnu-tools-for-stm32.10.3-2021.10.win32_1.0.100.202210260954/tools/bin/../lib/gcc/arm-none-eabi/10.3.1/../../../../arm-none-eabi/lib/thumb/v7e-m+dp/hard\libc_nano.a(lib_a-fwrite.o)
                0x000000000800b03c                fwrite
 .text.__libc_init_array
                0x000000000800b058       0x48 d:/stm32cube_ide/stm32cubeide_1.7.0/stm32cubeide/plugins/com.st.stm32cube.ide.mcu.externaltools.gnu-tools-for-stm32.10.3-2021.10.win32_1.0.100.202210260954/tools/bin/../lib/gcc/arm-none-eabi/10.3.1/../../../../arm-none-eabi/lib/thumb/v7e-m+dp/hard\libc_nano.a(lib_a-init.o)
                0x000000000800b058                __libc_init_array
 .text.__retarget_lock_init_recursive
                0x000000000800b0a0        0x2 d:/stm32cube_ide/stm32cubeide_1.7.0/stm32cubeide/plugins/com.st.stm32cube.ide.mcu.externaltools.gnu-tools-for-stm32.10.3-2021.10.win32_1.0.100.202210260954/tools/bin/../lib/gcc/arm-none-eabi/10.3.1/../../../../arm-none-eabi/lib/thumb/v7e-m+dp/hard\libc_nano.a(lib_a-lock.o)
                0x000000000800b0a0                __retarget_lock_init_recursive
 .text.__retarget_lock_acquire_recursive
                0x000000000800b0a2        0x2 d:/stm32cube_ide/stm32cubeide_1.7.0/stm32cubeide/plugins/com.st.stm32cube.ide.mcu.externaltools.gnu-tools-for-stm32.10.3-2021.10.win32_1.0.100.202210260954/tools/bin/../lib/gcc/arm-none-eabi/10.3.1/../../../../arm-none-eabi/lib/thumb/v7e-m+dp/hard\libc_nano.a(lib_a-lock.o)
                0x000000000800b0a2                __retarget_lock_acquire_recursive
 .text.__retarget_lock_release_recursive
                0x000000000800b0a4        0x2 d:/stm32cube_ide/stm32cubeide_1.7.0/stm32cubeide/plugins/com.st.stm32cube.ide.mcu.externaltools.gnu-tools-for-stm32.10.3-2021.10.win32_1.0.100.202210260954/tools/bin/../lib/gcc/arm-none-eabi/10.3.1/../../../../arm-none-eabi/lib/thumb/v7e-m+dp/hard\libc_nano.a(lib_a-lock.o)
                0x000000000800b0a4                __retarget_lock_release_recursive
 .text.__swhatbuf_r
                0x000000000800b0a6       0x4a d:/stm32cube_ide/stm32cubeide_1.7.0/stm32cubeide/plugins/com.st.stm32cube.ide.mcu.externaltools.gnu-tools-for-stm32.10.3-2021.10.win32_1.0.100.202210260954/tools/bin/../lib/gcc/arm-none-eabi/10.3.1/../../../../arm-none-eabi/lib/thumb/v7e-m+dp/hard\libc_nano.a(lib_a-makebuf.o)
                0x000000000800b0a6                __swhatbuf_r
 .text.__smakebuf_r
                0x000000000800b0f0       0x80 d:/stm32cube_ide/stm32cubeide_1.7.0/stm32cubeide/plugins/com.st.stm32cube.ide.mcu.externaltools.gnu-tools-for-stm32.10.3-2021.10.win32_1.0.100.202210260954/tools/bin/../lib/gcc/arm-none-eabi/10.3.1/../../../../arm-none-eabi/lib/thumb/v7e-m+dp/hard\libc_nano.a(lib_a-makebuf.o)
                0x000000000800b0f0                __smakebuf_r
 .text.malloc   0x000000000800b170       0x10 d:/stm32cube_ide/stm32cubeide_1.7.0/stm32cubeide/plugins/com.st.stm32cube.ide.mcu.externaltools.gnu-tools-for-stm32.10.3-2021.10.win32_1.0.100.202210260954/tools/bin/../lib/gcc/arm-none-eabi/10.3.1/../../../../arm-none-eabi/lib/thumb/v7e-m+dp/hard\libc_nano.a(lib_a-malloc.o)
                0x000000000800b170                malloc
 .text.free     0x000000000800b180       0x10 d:/stm32cube_ide/stm32cubeide_1.7.0/stm32cubeide/plugins/com.st.stm32cube.ide.mcu.externaltools.gnu-tools-for-stm32.10.3-2021.10.win32_1.0.100.202210260954/tools/bin/../lib/gcc/arm-none-eabi/10.3.1/../../../../arm-none-eabi/lib/thumb/v7e-m+dp/hard\libc_nano.a(lib_a-malloc.o)
                0x000000000800b180                free
 .text.memcpy   0x000000000800b190       0x1c d:/stm32cube_ide/stm32cubeide_1.7.0/stm32cubeide/plugins/com.st.stm32cube.ide.mcu.externaltools.gnu-tools-for-stm32.10.3-2021.10.win32_1.0.100.202210260954/tools/bin/../lib/gcc/arm-none-eabi/10.3.1/../../../../arm-none-eabi/lib/thumb/v7e-m+dp/hard\libc_nano.a(lib_a-memcpy-stub.o)
                0x000000000800b190                memcpy
 .text.memmove  0x000000000800b1ac       0x34 d:/stm32cube_ide/stm32cubeide_1.7.0/stm32cubeide/plugins/com.st.stm32cube.ide.mcu.externaltools.gnu-tools-for-stm32.10.3-2021.10.win32_1.0.100.202210260954/tools/bin/../lib/gcc/arm-none-eabi/10.3.1/../../../../arm-none-eabi/lib/thumb/v7e-m+dp/hard\libc_nano.a(lib_a-memmove.o)
                0x000000000800b1ac                memmove
 .text.memset   0x000000000800b1e0       0x10 d:/stm32cube_ide/stm32cubeide_1.7.0/stm32cubeide/plugins/com.st.stm32cube.ide.mcu.externaltools.gnu-tools-for-stm32.10.3-2021.10.win32_1.0.100.202210260954/tools/bin/../lib/gcc/arm-none-eabi/10.3.1/../../../../arm-none-eabi/lib/thumb/v7e-m+dp/hard\libc_nano.a(lib_a-memset.o)
                0x000000000800b1e0                memset
 .text._calloc_r
                0x000000000800b1f0       0x2c d:/stm32cube_ide/stm32cubeide_1.7.0/stm32cubeide/plugins/com.st.stm32cube.ide.mcu.externaltools.gnu-tools-for-stm32.10.3-2021.10.win32_1.0.100.202210260954/tools/bin/../lib/gcc/arm-none-eabi/10.3.1/../../../../arm-none-eabi/lib/thumb/v7e-m+dp/hard\libc_nano.a(lib_a-nano-callocr.o)
                0x000000000800b1f0                _calloc_r
 .text._free_r  0x000000000800b21c       0x98 d:/stm32cube_ide/stm32cubeide_1.7.0/stm32cubeide/plugins/com.st.stm32cube.ide.mcu.externaltools.gnu-tools-for-stm32.10.3-2021.10.win32_1.0.100.202210260954/tools/bin/../lib/gcc/arm-none-eabi/10.3.1/../../../../arm-none-eabi/lib/thumb/v7e-m+dp/hard\libc_nano.a(lib_a-nano-freer.o)
                0x000000000800b21c                _free_r
 .text.sbrk_aligned
                0x000000000800b2b4       0x40 d:/stm32cube_ide/stm32cubeide_1.7.0/stm32cubeide/plugins/com.st.stm32cube.ide.mcu.externaltools.gnu-tools-for-stm32.10.3-2021.10.win32_1.0.100.202210260954/tools/bin/../lib/gcc/arm-none-eabi/10.3.1/../../../../arm-none-eabi/lib/thumb/v7e-m+dp/hard\libc_nano.a(lib_a-nano-mallocr.o)
 .text._malloc_r
                0x000000000800b2f4       0xe8 d:/stm32cube_ide/stm32cubeide_1.7.0/stm32cubeide/plugins/com.st.stm32cube.ide.mcu.externaltools.gnu-tools-for-stm32.10.3-2021.10.win32_1.0.100.202210260954/tools/bin/../lib/gcc/arm-none-eabi/10.3.1/../../../../arm-none-eabi/lib/thumb/v7e-m+dp/hard\libc_nano.a(lib_a-nano-mallocr.o)
                0x000000000800b2f4                _malloc_r
 .text.__sfputc_r
                0x000000000800b3dc       0x2e d:/stm32cube_ide/stm32cubeide_1.7.0/stm32cubeide/plugins/com.st.stm32cube.ide.mcu.externaltools.gnu-tools-for-stm32.10.3-2021.10.win32_1.0.100.202210260954/tools/bin/../lib/gcc/arm-none-eabi/10.3.1/../../../../arm-none-eabi/lib/thumb/v7e-m+dp/hard\libc_nano.a(lib_a-nano-vfprintf.o)
 .text.__sfputs_r
                0x000000000800b40a       0x24 d:/stm32cube_ide/stm32cubeide_1.7.0/stm32cubeide/plugins/com.st.stm32cube.ide.mcu.externaltools.gnu-tools-for-stm32.10.3-2021.10.win32_1.0.100.202210260954/tools/bin/../lib/gcc/arm-none-eabi/10.3.1/../../../../arm-none-eabi/lib/thumb/v7e-m+dp/hard\libc_nano.a(lib_a-nano-vfprintf.o)
                0x000000000800b40a                __sfputs_r
 *fill*         0x000000000800b42e        0x2 
 .text._vfprintf_r
                0x000000000800b430      0x260 d:/stm32cube_ide/stm32cubeide_1.7.0/stm32cubeide/plugins/com.st.stm32cube.ide.mcu.externaltools.gnu-tools-for-stm32.10.3-2021.10.win32_1.0.100.202210260954/tools/bin/../lib/gcc/arm-none-eabi/10.3.1/../../../../arm-none-eabi/lib/thumb/v7e-m+dp/hard\libc_nano.a(lib_a-nano-vfprintf.o)
                0x000000000800b430                _vfprintf_r
                0x000000000800b430                _vfiprintf_r
 .text._printf_common
                0x000000000800b690       0xda d:/stm32cube_ide/stm32cubeide_1.7.0/stm32cubeide/plugins/com.st.stm32cube.ide.mcu.externaltools.gnu-tools-for-stm32.10.3-2021.10.win32_1.0.100.202210260954/tools/bin/../lib/gcc/arm-none-eabi/10.3.1/../../../../arm-none-eabi/lib/thumb/v7e-m+dp/hard\libc_nano.a(lib_a-nano-vfprintf_i.o)
                0x000000000800b690                _printf_common
 *fill*         0x000000000800b76a        0x2 
 .text._printf_i
                0x000000000800b76c      0x24c d:/stm32cube_ide/stm32cubeide_1.7.0/stm32cubeide/plugins/com.st.stm32cube.ide.mcu.externaltools.gnu-tools-for-stm32.10.3-2021.10.win32_1.0.100.202210260954/tools/bin/../lib/gcc/arm-none-eabi/10.3.1/../../../../arm-none-eabi/lib/thumb/v7e-m+dp/hard\libc_nano.a(lib_a-nano-vfprintf_i.o)
                0x000000000800b76c                _printf_i
 .text.realloc  0x000000000800b9b8       0x10 d:/stm32cube_ide/stm32cubeide_1.7.0/stm32cubeide/plugins/com.st.stm32cube.ide.mcu.externaltools.gnu-tools-for-stm32.10.3-2021.10.win32_1.0.100.202210260954/tools/bin/../lib/gcc/arm-none-eabi/10.3.1/../../../../arm-none-eabi/lib/thumb/v7e-m+dp/hard\libc_nano.a(lib_a-realloc.o)
                0x000000000800b9b8                realloc
 .text._sbrk_r  0x000000000800b9c8       0x20 d:/stm32cube_ide/stm32cubeide_1.7.0/stm32cubeide/plugins/com.st.stm32cube.ide.mcu.externaltools.gnu-tools-for-stm32.10.3-2021.10.win32_1.0.100.202210260954/tools/bin/../lib/gcc/arm-none-eabi/10.3.1/../../../../arm-none-eabi/lib/thumb/v7e-m+dp/hard\libc_nano.a(lib_a-sbrkr.o)
                0x000000000800b9c8                _sbrk_r
 .text.sprintf  0x000000000800b9e8       0x40 d:/stm32cube_ide/stm32cubeide_1.7.0/stm32cubeide/plugins/com.st.stm32cube.ide.mcu.externaltools.gnu-tools-for-stm32.10.3-2021.10.win32_1.0.100.202210260954/tools/bin/../lib/gcc/arm-none-eabi/10.3.1/../../../../arm-none-eabi/lib/thumb/v7e-m+dp/hard\libc_nano.a(lib_a-sprintf.o)
                0x000000000800b9e8                siprintf
                0x000000000800b9e8                sprintf
 .text.__sread  0x000000000800ba28       0x22 d:/stm32cube_ide/stm32cubeide_1.7.0/stm32cubeide/plugins/com.st.stm32cube.ide.mcu.externaltools.gnu-tools-for-stm32.10.3-2021.10.win32_1.0.100.202210260954/tools/bin/../lib/gcc/arm-none-eabi/10.3.1/../../../../arm-none-eabi/lib/thumb/v7e-m+dp/hard\libc_nano.a(lib_a-stdio.o)
                0x000000000800ba28                __sread
 .text.__swrite
                0x000000000800ba4a       0x38 d:/stm32cube_ide/stm32cubeide_1.7.0/stm32cubeide/plugins/com.st.stm32cube.ide.mcu.externaltools.gnu-tools-for-stm32.10.3-2021.10.win32_1.0.100.202210260954/tools/bin/../lib/gcc/arm-none-eabi/10.3.1/../../../../arm-none-eabi/lib/thumb/v7e-m+dp/hard\libc_nano.a(lib_a-stdio.o)
                0x000000000800ba4a                __swrite
 .text.__sseek  0x000000000800ba82       0x24 d:/stm32cube_ide/stm32cubeide_1.7.0/stm32cubeide/plugins/com.st.stm32cube.ide.mcu.externaltools.gnu-tools-for-stm32.10.3-2021.10.win32_1.0.100.202210260954/tools/bin/../lib/gcc/arm-none-eabi/10.3.1/../../../../arm-none-eabi/lib/thumb/v7e-m+dp/hard\libc_nano.a(lib_a-stdio.o)
                0x000000000800ba82                __sseek
 .text.__sclose
                0x000000000800baa6        0x8 d:/stm32cube_ide/stm32cubeide_1.7.0/stm32cubeide/plugins/com.st.stm32cube.ide.mcu.externaltools.gnu-tools-for-stm32.10.3-2021.10.win32_1.0.100.202210260954/tools/bin/../lib/gcc/arm-none-eabi/10.3.1/../../../../arm-none-eabi/lib/thumb/v7e-m+dp/hard\libc_nano.a(lib_a-stdio.o)
                0x000000000800baa6                __sclose
 *fill*         0x000000000800baae        0x2 
 .text.__swbuf_r
                0x000000000800bab0       0xa4 d:/stm32cube_ide/stm32cubeide_1.7.0/stm32cubeide/plugins/com.st.stm32cube.ide.mcu.externaltools.gnu-tools-for-stm32.10.3-2021.10.win32_1.0.100.202210260954/tools/bin/../lib/gcc/arm-none-eabi/10.3.1/../../../../arm-none-eabi/lib/thumb/v7e-m+dp/hard\libc_nano.a(lib_a-wbuf.o)
                0x000000000800bab0                __swbuf_r
 .text._write_r
                0x000000000800bb54       0x24 d:/stm32cube_ide/stm32cubeide_1.7.0/stm32cubeide/plugins/com.st.stm32cube.ide.mcu.externaltools.gnu-tools-for-stm32.10.3-2021.10.win32_1.0.100.202210260954/tools/bin/../lib/gcc/arm-none-eabi/10.3.1/../../../../arm-none-eabi/lib/thumb/v7e-m+dp/hard\libc_nano.a(lib_a-writer.o)
                0x000000000800bb54                _write_r
 .text.__swsetup_r
                0x000000000800bb78       0xdc d:/stm32cube_ide/stm32cubeide_1.7.0/stm32cubeide/plugins/com.st.stm32cube.ide.mcu.externaltools.gnu-tools-for-stm32.10.3-2021.10.win32_1.0.100.202210260954/tools/bin/../lib/gcc/arm-none-eabi/10.3.1/../../../../arm-none-eabi/lib/thumb/v7e-m+dp/hard\libc_nano.a(lib_a-wsetup.o)
                0x000000000800bb78                __swsetup_r
 .text.abort    0x000000000800bc54        0xe d:/stm32cube_ide/stm32cubeide_1.7.0/stm32cubeide/plugins/com.st.stm32cube.ide.mcu.externaltools.gnu-tools-for-stm32.10.3-2021.10.win32_1.0.100.202210260954/tools/bin/../lib/gcc/arm-none-eabi/10.3.1/../../../../arm-none-eabi/lib/thumb/v7e-m+dp/hard\libc_nano.a(lib_a-abort.o)
                0x000000000800bc54                abort
 *fill*         0x000000000800bc62        0x2 
 .text._close_r
                0x000000000800bc64       0x20 d:/stm32cube_ide/stm32cubeide_1.7.0/stm32cubeide/plugins/com.st.stm32cube.ide.mcu.externaltools.gnu-tools-for-stm32.10.3-2021.10.win32_1.0.100.202210260954/tools/bin/../lib/gcc/arm-none-eabi/10.3.1/../../../../arm-none-eabi/lib/thumb/v7e-m+dp/hard\libc_nano.a(lib_a-closer.o)
                0x000000000800bc64                _close_r
 .text._fstat_r
                0x000000000800bc84       0x24 d:/stm32cube_ide/stm32cubeide_1.7.0/stm32cubeide/plugins/com.st.stm32cube.ide.mcu.externaltools.gnu-tools-for-stm32.10.3-2021.10.win32_1.0.100.202210260954/tools/bin/../lib/gcc/arm-none-eabi/10.3.1/../../../../arm-none-eabi/lib/thumb/v7e-m+dp/hard\libc_nano.a(lib_a-fstatr.o)
                0x000000000800bc84                _fstat_r
 .text._isatty_r
                0x000000000800bca8       0x20 d:/stm32cube_ide/stm32cubeide_1.7.0/stm32cubeide/plugins/com.st.stm32cube.ide.mcu.externaltools.gnu-tools-for-stm32.10.3-2021.10.win32_1.0.100.202210260954/tools/bin/../lib/gcc/arm-none-eabi/10.3.1/../../../../arm-none-eabi/lib/thumb/v7e-m+dp/hard\libc_nano.a(lib_a-isattyr.o)
                0x000000000800bca8                _isatty_r
 .text._lseek_r
                0x000000000800bcc8       0x24 d:/stm32cube_ide/stm32cubeide_1.7.0/stm32cubeide/plugins/com.st.stm32cube.ide.mcu.externaltools.gnu-tools-for-stm32.10.3-2021.10.win32_1.0.100.202210260954/tools/bin/../lib/gcc/arm-none-eabi/10.3.1/../../../../arm-none-eabi/lib/thumb/v7e-m+dp/hard\libc_nano.a(lib_a-lseekr.o)
                0x000000000800bcc8                _lseek_r
 .text.__malloc_lock
                0x000000000800bcec        0xc d:/stm32cube_ide/stm32cubeide_1.7.0/stm32cubeide/plugins/com.st.stm32cube.ide.mcu.externaltools.gnu-tools-for-stm32.10.3-2021.10.win32_1.0.100.202210260954/tools/bin/../lib/gcc/arm-none-eabi/10.3.1/../../../../arm-none-eabi/lib/thumb/v7e-m+dp/hard\libc_nano.a(lib_a-mlock.o)
                0x000000000800bcec                __malloc_lock
 .text.__malloc_unlock
                0x000000000800bcf8        0xc d:/stm32cube_ide/stm32cubeide_1.7.0/stm32cubeide/plugins/com.st.stm32cube.ide.mcu.externaltools.gnu-tools-for-stm32.10.3-2021.10.win32_1.0.100.202210260954/tools/bin/../lib/gcc/arm-none-eabi/10.3.1/../../../../arm-none-eabi/lib/thumb/v7e-m+dp/hard\libc_nano.a(lib_a-mlock.o)
                0x000000000800bcf8                __malloc_unlock
 .text._realloc_r
                0x000000000800bd04       0x5e d:/stm32cube_ide/stm32cubeide_1.7.0/stm32cubeide/plugins/com.st.stm32cube.ide.mcu.externaltools.gnu-tools-for-stm32.10.3-2021.10.win32_1.0.100.202210260954/tools/bin/../lib/gcc/arm-none-eabi/10.3.1/../../../../arm-none-eabi/lib/thumb/v7e-m+dp/hard\libc_nano.a(lib_a-nano-reallocr.o)
                0x000000000800bd04                _realloc_r
 .text.__ssputs_r
                0x000000000800bd62       0xb6 d:/stm32cube_ide/stm32cubeide_1.7.0/stm32cubeide/plugins/com.st.stm32cube.ide.mcu.externaltools.gnu-tools-for-stm32.10.3-2021.10.win32_1.0.100.202210260954/tools/bin/../lib/gcc/arm-none-eabi/10.3.1/../../../../arm-none-eabi/lib/thumb/v7e-m+dp/hard\libc_nano.a(lib_a-nano-svfprintf.o)
                0x000000000800bd62                __ssputs_r
 .text._svfprintf_r
                0x000000000800be18      0x200 d:/stm32cube_ide/stm32cubeide_1.7.0/stm32cubeide/plugins/com.st.stm32cube.ide.mcu.externaltools.gnu-tools-for-stm32.10.3-2021.10.win32_1.0.100.202210260954/tools/bin/../lib/gcc/arm-none-eabi/10.3.1/../../../../arm-none-eabi/lib/thumb/v7e-m+dp/hard\libc_nano.a(lib_a-nano-svfprintf.o)
                0x000000000800be18                _svfiprintf_r
                0x000000000800be18                _svfprintf_r
 .text._read_r  0x000000000800c018       0x24 d:/stm32cube_ide/stm32cubeide_1.7.0/stm32cubeide/plugins/com.st.stm32cube.ide.mcu.externaltools.gnu-tools-for-stm32.10.3-2021.10.win32_1.0.100.202210260954/tools/bin/../lib/gcc/arm-none-eabi/10.3.1/../../../../arm-none-eabi/lib/thumb/v7e-m+dp/hard\libc_nano.a(lib_a-readr.o)
                0x000000000800c018                _read_r
 .text._raise_r
                0x000000000800c03c       0x50 d:/stm32cube_ide/stm32cubeide_1.7.0/stm32cubeide/plugins/com.st.stm32cube.ide.mcu.externaltools.gnu-tools-for-stm32.10.3-2021.10.win32_1.0.100.202210260954/tools/bin/../lib/gcc/arm-none-eabi/10.3.1/../../../../arm-none-eabi/lib/thumb/v7e-m+dp/hard\libc_nano.a(lib_a-signal.o)
                0x000000000800c03c                _raise_r
 .text.raise    0x000000000800c08c       0x10 d:/stm32cube_ide/stm32cubeide_1.7.0/stm32cubeide/plugins/com.st.stm32cube.ide.mcu.externaltools.gnu-tools-for-stm32.10.3-2021.10.win32_1.0.100.202210260954/tools/bin/../lib/gcc/arm-none-eabi/10.3.1/../../../../arm-none-eabi/lib/thumb/v7e-m+dp/hard\libc_nano.a(lib_a-signal.o)
                0x000000000800c08c                raise
 .text._kill_r  0x000000000800c09c       0x24 d:/stm32cube_ide/stm32cubeide_1.7.0/stm32cubeide/plugins/com.st.stm32cube.ide.mcu.externaltools.gnu-tools-for-stm32.10.3-2021.10.win32_1.0.100.202210260954/tools/bin/../lib/gcc/arm-none-eabi/10.3.1/../../../../arm-none-eabi/lib/thumb/v7e-m+dp/hard\libc_nano.a(lib_a-signalr.o)
                0x000000000800c09c                _kill_r
 .text._getpid_r
                0x000000000800c0c0        0x4 d:/stm32cube_ide/stm32cubeide_1.7.0/stm32cubeide/plugins/com.st.stm32cube.ide.mcu.externaltools.gnu-tools-for-stm32.10.3-2021.10.win32_1.0.100.202210260954/tools/bin/../lib/gcc/arm-none-eabi/10.3.1/../../../../arm-none-eabi/lib/thumb/v7e-m+dp/hard\libc_nano.a(lib_a-signalr.o)
                0x000000000800c0c0                _getpid_r
 .text._malloc_usable_size_r
                0x000000000800c0c4       0x10 d:/stm32cube_ide/stm32cubeide_1.7.0/stm32cubeide/plugins/com.st.stm32cube.ide.mcu.externaltools.gnu-tools-for-stm32.10.3-2021.10.win32_1.0.100.202210260954/tools/bin/../lib/gcc/arm-none-eabi/10.3.1/../../../../arm-none-eabi/lib/thumb/v7e-m+dp/hard\libc_nano.a(lib_a-nano-msizer.o)
                0x000000000800c0c4                _malloc_usable_size_r
 *(.glue_7)
 .glue_7        0x000000000800c0d4        0x0 linker stubs
 *(.glue_7t)
 .glue_7t       0x000000000800c0d4        0x0 linker stubs
 *(.eh_frame)
 .eh_frame      0x000000000800c0d4        0x0 d:/stm32cube_ide/stm32cubeide_1.7.0/stm32cubeide/plugins/com.st.stm32cube.ide.mcu.externaltools.gnu-tools-for-stm32.10.3-2021.10.win32_1.0.100.202210260954/tools/bin/../lib/gcc/arm-none-eabi/10.3.1/thumb/v7e-m+dp/hard/crtbegin.o
 *(.init)
 .init          0x000000000800c0d4        0x4 d:/stm32cube_ide/stm32cubeide_1.7.0/stm32cubeide/plugins/com.st.stm32cube.ide.mcu.externaltools.gnu-tools-for-stm32.10.3-2021.10.win32_1.0.100.202210260954/tools/bin/../lib/gcc/arm-none-eabi/10.3.1/thumb/v7e-m+dp/hard/crti.o
                0x000000000800c0d4                _init
 .init          0x000000000800c0d8        0x8 d:/stm32cube_ide/stm32cubeide_1.7.0/stm32cubeide/plugins/com.st.stm32cube.ide.mcu.externaltools.gnu-tools-for-stm32.10.3-2021.10.win32_1.0.100.202210260954/tools/bin/../lib/gcc/arm-none-eabi/10.3.1/thumb/v7e-m+dp/hard/crtn.o
 *(.fini)
 .fini          0x000000000800c0e0        0x4 d:/stm32cube_ide/stm32cubeide_1.7.0/stm32cubeide/plugins/com.st.stm32cube.ide.mcu.externaltools.gnu-tools-for-stm32.10.3-2021.10.win32_1.0.100.202210260954/tools/bin/../lib/gcc/arm-none-eabi/10.3.1/thumb/v7e-m+dp/hard/crti.o
                0x000000000800c0e0                _fini
 .fini          0x000000000800c0e4        0x8 d:/stm32cube_ide/stm32cubeide_1.7.0/stm32cubeide/plugins/com.st.stm32cube.ide.mcu.externaltools.gnu-tools-for-stm32.10.3-2021.10.win32_1.0.100.202210260954/tools/bin/../lib/gcc/arm-none-eabi/10.3.1/thumb/v7e-m+dp/hard/crtn.o
                0x000000000800c0ec                . = ALIGN (0x4)
                0x000000000800c0ec                _etext = .

.vfp11_veneer   0x000000000800c0ec        0x0
 .vfp11_veneer  0x000000000800c0ec        0x0 linker stubs

.v4_bx          0x000000000800c0ec        0x0
 .v4_bx         0x000000000800c0ec        0x0 linker stubs

.iplt           0x000000000800c0ec        0x0
 .iplt          0x000000000800c0ec        0x0 d:/stm32cube_ide/stm32cubeide_1.7.0/stm32cubeide/plugins/com.st.stm32cube.ide.mcu.externaltools.gnu-tools-for-stm32.10.3-2021.10.win32_1.0.100.202210260954/tools/bin/../lib/gcc/arm-none-eabi/10.3.1/thumb/v7e-m+dp/hard/crtbegin.o

.rodata         0x000000000800c0f0     0xe294
                0x000000000800c0f0                . = ALIGN (0x4)
 *(.rodata)
 .rodata        0x000000000800c0f0      0xabc ./Core/Src/main.o
 *(.rodata*)
 .rodata.road2  0x000000000800cbac     0xbdd8 ./Core/Src/main.o
                0x000000000800cbac                road2
 .rodata.__func__.28
                0x0000000008018984        0xf ./Core/Src/main.o
 *fill*         0x0000000008018993        0x1 
 .rodata.__func__.27
                0x0000000008018994       0x13 ./Core/Src/main.o
 *fill*         0x00000000080189a7        0x1 
 .rodata.__func__.19
                0x00000000080189a8       0x16 ./Core/Src/main.o
 *fill*         0x00000000080189be        0x2 
 .rodata.D1CorePrescTable
                0x00000000080189c0       0x10 ./Core/Src/system_stm32h7xx.o
                0x00000000080189c0                D1CorePrescTable
 .rodata.UARTPrescTable
                0x00000000080189d0       0x18 ./Drivers/STM32H7xx_HAL_Driver/Src/stm32h7xx_hal_uart.o
                0x00000000080189d0                UARTPrescTable
 .rodata.numerator.1
                0x00000000080189e8        0x8 ./Drivers/STM32H7xx_HAL_Driver/Src/stm32h7xx_hal_uart_ex.o
 .rodata.denominator.0
                0x00000000080189f0        0x8 ./Drivers/STM32H7xx_HAL_Driver/Src/stm32h7xx_hal_uart_ex.o
 .rodata.__pow_log_data
                0x00000000080189f8     0x1048 d:/stm32cube_ide/stm32cubeide_1.7.0/stm32cubeide/plugins/com.st.stm32cube.ide.mcu.externaltools.gnu-tools-for-stm32.10.3-2021.10.win32_1.0.100.202210260954/tools/bin/../lib/gcc/arm-none-eabi/10.3.1/../../../../arm-none-eabi/lib/thumb/v7e-m+dp/hard\libm.a(lib_a-pow_log_data.o)
                0x00000000080189f8                __pow_log_data
 .rodata.__exp_data
                0x0000000008019a40      0x870 d:/stm32cube_ide/stm32cubeide_1.7.0/stm32cubeide/plugins/com.st.stm32cube.ide.mcu.externaltools.gnu-tools-for-stm32.10.3-2021.10.win32_1.0.100.202210260954/tools/bin/../lib/gcc/arm-none-eabi/10.3.1/../../../../arm-none-eabi/lib/thumb/v7e-m+dp/hard\libm.a(lib_a-exp_data.o)
                0x0000000008019a40                __exp_data
 .rodata.__assert_func.str1.1
                0x000000000801a2b0       0x3c d:/stm32cube_ide/stm32cubeide_1.7.0/stm32cubeide/plugins/com.st.stm32cube.ide.mcu.externaltools.gnu-tools-for-stm32.10.3-2021.10.win32_1.0.100.202210260954/tools/bin/../lib/gcc/arm-none-eabi/10.3.1/../../../../arm-none-eabi/lib/thumb/v7e-m+dp/hard\libc_nano.a(lib_a-assert.o)
                                         0x3d (size before relaxing)
 .rodata.__sf_fake_stderr
                0x000000000801a2ec       0x20 d:/stm32cube_ide/stm32cubeide_1.7.0/stm32cubeide/plugins/com.st.stm32cube.ide.mcu.externaltools.gnu-tools-for-stm32.10.3-2021.10.win32_1.0.100.202210260954/tools/bin/../lib/gcc/arm-none-eabi/10.3.1/../../../../arm-none-eabi/lib/thumb/v7e-m+dp/hard\libc_nano.a(lib_a-findfp.o)
                0x000000000801a2ec                __sf_fake_stderr
 .rodata.__sf_fake_stdin
                0x000000000801a30c       0x20 d:/stm32cube_ide/stm32cubeide_1.7.0/stm32cubeide/plugins/com.st.stm32cube.ide.mcu.externaltools.gnu-tools-for-stm32.10.3-2021.10.win32_1.0.100.202210260954/tools/bin/../lib/gcc/arm-none-eabi/10.3.1/../../../../arm-none-eabi/lib/thumb/v7e-m+dp/hard\libc_nano.a(lib_a-findfp.o)
                0x000000000801a30c                __sf_fake_stdin
 .rodata.__sf_fake_stdout
                0x000000000801a32c       0x20 d:/stm32cube_ide/stm32cubeide_1.7.0/stm32cubeide/plugins/com.st.stm32cube.ide.mcu.externaltools.gnu-tools-for-stm32.10.3-2021.10.win32_1.0.100.202210260954/tools/bin/../lib/gcc/arm-none-eabi/10.3.1/../../../../arm-none-eabi/lib/thumb/v7e-m+dp/hard\libc_nano.a(lib_a-findfp.o)
                0x000000000801a32c                __sf_fake_stdout
 .rodata._global_impure_ptr
                0x000000000801a34c        0x4 d:/stm32cube_ide/stm32cubeide_1.7.0/stm32cubeide/plugins/com.st.stm32cube.ide.mcu.externaltools.gnu-tools-for-stm32.10.3-2021.10.win32_1.0.100.202210260954/tools/bin/../lib/gcc/arm-none-eabi/10.3.1/../../../../arm-none-eabi/lib/thumb/v7e-m+dp/hard\libc_nano.a(lib_a-impure.o)
                0x000000000801a34c                _global_impure_ptr
 .rodata._vfprintf_r.str1.1
                0x000000000801a350       0x11 d:/stm32cube_ide/stm32cubeide_1.7.0/stm32cubeide/plugins/com.st.stm32cube.ide.mcu.externaltools.gnu-tools-for-stm32.10.3-2021.10.win32_1.0.100.202210260954/tools/bin/../lib/gcc/arm-none-eabi/10.3.1/../../../../arm-none-eabi/lib/thumb/v7e-m+dp/hard\libc_nano.a(lib_a-nano-vfprintf.o)
 .rodata._printf_i.str1.1
                0x000000000801a361       0x22 d:/stm32cube_ide/stm32cubeide_1.7.0/stm32cubeide/plugins/com.st.stm32cube.ide.mcu.externaltools.gnu-tools-for-stm32.10.3-2021.10.win32_1.0.100.202210260954/tools/bin/../lib/gcc/arm-none-eabi/10.3.1/../../../../arm-none-eabi/lib/thumb/v7e-m+dp/hard\libc_nano.a(lib_a-nano-vfprintf_i.o)
 .rodata._svfprintf_r.str1.1
                0x000000000801a383       0x11 d:/stm32cube_ide/stm32cubeide_1.7.0/stm32cubeide/plugins/com.st.stm32cube.ide.mcu.externaltools.gnu-tools-for-stm32.10.3-2021.10.win32_1.0.100.202210260954/tools/bin/../lib/gcc/arm-none-eabi/10.3.1/../../../../arm-none-eabi/lib/thumb/v7e-m+dp/hard\libc_nano.a(lib_a-nano-svfprintf.o)
                0x000000000801a394                . = ALIGN (0x4)
 *fill*         0x000000000801a383        0x1 

.ARM.extab
 *(.ARM.extab* .gnu.linkonce.armextab.*)

.ARM            0x000000000801a384        0x8
                0x000000000801a384                __exidx_start = .
 *(.ARM.exidx*)
 .ARM.exidx     0x000000000801a384        0x8 d:/stm32cube_ide/stm32cubeide_1.7.0/stm32cubeide/plugins/com.st.stm32cube.ide.mcu.externaltools.gnu-tools-for-stm32.10.3-2021.10.win32_1.0.100.202210260954/tools/bin/../lib/gcc/arm-none-eabi/10.3.1/thumb/v7e-m+dp/hard\libgcc.a(_udivmoddi4.o)
                0x000000000801a38c                __exidx_end = .

.rel.dyn        0x000000000801a38c        0x0
 .rel.iplt      0x000000000801a38c        0x0 d:/stm32cube_ide/stm32cubeide_1.7.0/stm32cubeide/plugins/com.st.stm32cube.ide.mcu.externaltools.gnu-tools-for-stm32.10.3-2021.10.win32_1.0.100.202210260954/tools/bin/../lib/gcc/arm-none-eabi/10.3.1/thumb/v7e-m+dp/hard/crtbegin.o

.preinit_array  0x000000000801a38c        0x0
                0x000000000801a38c                PROVIDE (__preinit_array_start = .)
 *(.preinit_array*)
                0x000000000801a38c                PROVIDE (__preinit_array_end = .)

.init_array     0x000000000801a38c        0x4
                0x000000000801a38c                PROVIDE (__init_array_start = .)
 *(SORT_BY_NAME(.init_array.*))
 *(.init_array*)
 .init_array    0x000000000801a38c        0x4 d:/stm32cube_ide/stm32cubeide_1.7.0/stm32cubeide/plugins/com.st.stm32cube.ide.mcu.externaltools.gnu-tools-for-stm32.10.3-2021.10.win32_1.0.100.202210260954/tools/bin/../lib/gcc/arm-none-eabi/10.3.1/thumb/v7e-m+dp/hard/crtbegin.o
                0x000000000801a390                PROVIDE (__init_array_end = .)

.fini_array     0x000000000801a390        0x4
                [!provide]                        PROVIDE (__fini_array_start = .)
 *(SORT_BY_NAME(.fini_array.*))
 *(.fini_array*)
 .fini_array    0x000000000801a390        0x4 d:/stm32cube_ide/stm32cubeide_1.7.0/stm32cubeide/plugins/com.st.stm32cube.ide.mcu.externaltools.gnu-tools-for-stm32.10.3-2021.10.win32_1.0.100.202210260954/tools/bin/../lib/gcc/arm-none-eabi/10.3.1/thumb/v7e-m+dp/hard/crtbegin.o
                [!provide]                        PROVIDE (__fini_array_end = .)
                0x000000000801a394                _sidata = LOADADDR (.data)

.data           0x0000000024000000      0x560 load address 0x000000000801a394
                0x0000000024000000                . = ALIGN (0x4)
                0x0000000024000000                _sdata = .
 *(.data)
 *(.data*)
 .data.stbi_write_png_compression_level
                0x0000000024000000        0x4 ./Core/Src/main.o
                0x0000000024000000                stbi_write_png_compression_level
 .data.stbi_write_force_png_filter
                0x0000000024000004        0x4 ./Core/Src/main.o
                0x0000000024000004                stbi_write_force_png_filter
 .data.lengthc.26
                0x0000000024000008       0x3c ./Core/Src/main.o
 .data.lengtheb.25
                0x0000000024000044       0x1d ./Core/Src/main.o
 *fill*         0x0000000024000061        0x3 
 .data.distc.24
                0x0000000024000064       0x3e ./Core/Src/main.o
 *fill*         0x00000000240000a2        0x2 
 .data.disteb.23
                0x00000000240000a4       0x1e ./Core/Src/main.o
 *fill*         0x00000000240000c2        0x2 
 .data.crc_table.22
                0x00000000240000c4      0x400 ./Core/Src/main.o
 .data.mapping.21
                0x00000000240004c4       0x14 ./Core/Src/main.o
 .data.firstmap.20
                0x00000000240004d8       0x14 ./Core/Src/main.o
 .data.SystemCoreClock
                0x00000000240004ec        0x4 ./Core/Src/system_stm32h7xx.o
                0x00000000240004ec                SystemCoreClock
 .data.SystemD2Clock
                0x00000000240004f0        0x4 ./Core/Src/system_stm32h7xx.o
                0x00000000240004f0                SystemD2Clock
 .data.uwTickPrio
                0x00000000240004f4        0x4 ./Drivers/STM32H7xx_HAL_Driver/Src/stm32h7xx_hal.o
                0x00000000240004f4                uwTickPrio
 .data.uwTickFreq
                0x00000000240004f8        0x1 ./Drivers/STM32H7xx_HAL_Driver/Src/stm32h7xx_hal.o
                0x00000000240004f8                uwTickFreq
 *fill*         0x00000000240004f9        0x3 
 .data._impure_ptr
                0x00000000240004fc        0x4 d:/stm32cube_ide/stm32cubeide_1.7.0/stm32cubeide/plugins/com.st.stm32cube.ide.mcu.externaltools.gnu-tools-for-stm32.10.3-2021.10.win32_1.0.100.202210260954/tools/bin/../lib/gcc/arm-none-eabi/10.3.1/../../../../arm-none-eabi/lib/thumb/v7e-m+dp/hard\libc_nano.a(lib_a-impure.o)
                0x00000000240004fc                _impure_ptr
 .data.impure_data
                0x0000000024000500       0x60 d:/stm32cube_ide/stm32cubeide_1.7.0/stm32cubeide/plugins/com.st.stm32cube.ide.mcu.externaltools.gnu-tools-for-stm32.10.3-2021.10.win32_1.0.100.202210260954/tools/bin/../lib/gcc/arm-none-eabi/10.3.1/../../../../arm-none-eabi/lib/thumb/v7e-m+dp/hard\libc_nano.a(lib_a-impure.o)
 *(.RamFunc)
 *(.RamFunc*)
                0x0000000024000560                . = ALIGN (0x4)
                0x0000000024000560                _edata = .

.igot.plt       0x0000000024000560        0x0 load address 0x000000000801a8f4
 .igot.plt      0x0000000024000560        0x0 d:/stm32cube_ide/stm32cubeide_1.7.0/stm32cubeide/plugins/com.st.stm32cube.ide.mcu.externaltools.gnu-tools-for-stm32.10.3-2021.10.win32_1.0.100.202210260954/tools/bin/../lib/gcc/arm-none-eabi/10.3.1/thumb/v7e-m+dp/hard/crtbegin.o

.RxDecripSection
                0x0000000024000560       0x60 load address 0x000000000801a8f4
 .RxDecripSection
                0x0000000024000560       0x60 ./Core/Src/main.o
                0x0000000024000560                DMARxDscrTab

.TxDecripSection
                0x00000000240005c0       0x60 load address 0x000000000801a954
 .TxDecripSection
                0x00000000240005c0       0x60 ./Core/Src/main.o
                0x00000000240005c0                DMATxDscrTab
                0x0000000024000620                . = ALIGN (0x4)

.bss            0x0000000024000620      0x71c load address 0x000000000801a9b4
                0x0000000024000620                _sbss = .
                0x0000000024000620                __bss_start__ = _sbss
 *(.bss)
 .bss           0x0000000024000620       0x1c d:/stm32cube_ide/stm32cubeide_1.7.0/stm32cubeide/plugins/com.st.stm32cube.ide.mcu.externaltools.gnu-tools-for-stm32.10.3-2021.10.win32_1.0.100.202210260954/tools/bin/../lib/gcc/arm-none-eabi/10.3.1/thumb/v7e-m+dp/hard/crtbegin.o
 *(.bss*)
 .bss.stbi__flip_vertically_on_write
                0x000000002400063c        0x4 ./Core/Src/main.o
 .bss.flag      0x0000000024000640        0x4 ./Core/Src/main.o
                0x0000000024000640                flag
 .bss.counter   0x0000000024000644        0x4 ./Core/Src/main.o
                0x0000000024000644                counter
 .bss.TxConfig  0x0000000024000648       0x38 ./Core/Src/main.o
                0x0000000024000648                TxConfig
 .bss.heth      0x0000000024000680       0xb0 ./Core/Src/main.o
                0x0000000024000680                heth
 .bss.htim2     0x0000000024000730       0x4c ./Core/Src/main.o
                0x0000000024000730                htim2
 .bss.huart3    0x000000002400077c       0x94 ./Core/Src/main.o
                0x000000002400077c                huart3
 .bss.hpcd_USB_OTG_FS
                0x0000000024000810      0x50c ./Core/Src/main.o
                0x0000000024000810                hpcd_USB_OTG_FS
 .bss.MACAddr.0
                0x0000000024000d1c        0x6 ./Core/Src/main.o
 *fill*         0x0000000024000d22        0x2 
 .bss.__sbrk_heap_end
                0x0000000024000d24        0x4 ./Core/Src/sysmem.o
 .bss.uwTick    0x0000000024000d28        0x4 ./Drivers/STM32H7xx_HAL_Driver/Src/stm32h7xx_hal.o
                0x0000000024000d28                uwTick
 .bss.__lock___malloc_recursive_mutex
                0x0000000024000d2c        0x1 d:/stm32cube_ide/stm32cubeide_1.7.0/stm32cubeide/plugins/com.st.stm32cube.ide.mcu.externaltools.gnu-tools-for-stm32.10.3-2021.10.win32_1.0.100.202210260954/tools/bin/../lib/gcc/arm-none-eabi/10.3.1/../../../../arm-none-eabi/lib/thumb/v7e-m+dp/hard\libc_nano.a(lib_a-lock.o)
                0x0000000024000d2c                __lock___malloc_recursive_mutex
 .bss.__lock___sfp_recursive_mutex
                0x0000000024000d2d        0x1 d:/stm32cube_ide/stm32cubeide_1.7.0/stm32cubeide/plugins/com.st.stm32cube.ide.mcu.externaltools.gnu-tools-for-stm32.10.3-2021.10.win32_1.0.100.202210260954/tools/bin/../lib/gcc/arm-none-eabi/10.3.1/../../../../arm-none-eabi/lib/thumb/v7e-m+dp/hard\libc_nano.a(lib_a-lock.o)
                0x0000000024000d2d                __lock___sfp_recursive_mutex
 .bss.__lock___sinit_recursive_mutex
                0x0000000024000d2e        0x1 d:/stm32cube_ide/stm32cubeide_1.7.0/stm32cubeide/plugins/com.st.stm32cube.ide.mcu.externaltools.gnu-tools-for-stm32.10.3-2021.10.win32_1.0.100.202210260954/tools/bin/../lib/gcc/arm-none-eabi/10.3.1/../../../../arm-none-eabi/lib/thumb/v7e-m+dp/hard\libc_nano.a(lib_a-lock.o)
                0x0000000024000d2e                __lock___sinit_recursive_mutex
 *fill*         0x0000000024000d2f        0x1 
 .bss.__malloc_free_list
                0x0000000024000d30        0x4 d:/stm32cube_ide/stm32cubeide_1.7.0/stm32cubeide/plugins/com.st.stm32cube.ide.mcu.externaltools.gnu-tools-for-stm32.10.3-2021.10.win32_1.0.100.202210260954/tools/bin/../lib/gcc/arm-none-eabi/10.3.1/../../../../arm-none-eabi/lib/thumb/v7e-m+dp/hard\libc_nano.a(lib_a-nano-mallocr.o)
                0x0000000024000d30                __malloc_free_list
 .bss.__malloc_sbrk_start
                0x0000000024000d34        0x4 d:/stm32cube_ide/stm32cubeide_1.7.0/stm32cubeide/plugins/com.st.stm32cube.ide.mcu.externaltools.gnu-tools-for-stm32.10.3-2021.10.win32_1.0.100.202210260954/tools/bin/../lib/gcc/arm-none-eabi/10.3.1/../../../../arm-none-eabi/lib/thumb/v7e-m+dp/hard\libc_nano.a(lib_a-nano-mallocr.o)
                0x0000000024000d34                __malloc_sbrk_start
 .bss.errno     0x0000000024000d38        0x4 d:/stm32cube_ide/stm32cubeide_1.7.0/stm32cubeide/plugins/com.st.stm32cube.ide.mcu.externaltools.gnu-tools-for-stm32.10.3-2021.10.win32_1.0.100.202210260954/tools/bin/../lib/gcc/arm-none-eabi/10.3.1/../../../../arm-none-eabi/lib/thumb/v7e-m+dp/hard\libc_nano.a(lib_a-reent.o)
                0x0000000024000d38                errno
 *(COMMON)
                0x0000000024000d3c                . = ALIGN (0x4)
                0x0000000024000d3c                _ebss = .
                0x0000000024000d3c                __bss_end__ = _ebss

._user_heap_stack
                0x0000000024000d3c      0x604 load address 0x000000000801a9b4
                0x0000000024000d40                . = ALIGN (0x8)
 *fill*         0x0000000024000d3c        0x4 
                [!provide]                        PROVIDE (end = .)
                0x0000000024000d40                PROVIDE (_end = .)
                0x0000000024000f40                . = (. + _Min_Heap_Size)
 *fill*         0x0000000024000d40      0x200 
                0x0000000024001340                . = (. + _Min_Stack_Size)
 *fill*         0x0000000024000f40      0x400 
                0x0000000024001340                . = ALIGN (0x8)

/DISCARD/
 libc.a(*)
 libm.a(*)
 libgcc.a(*)

.ARM.attributes
                0x0000000000000000       0x2e
 *(.ARM.attributes)
 .ARM.attributes
                0x0000000000000000       0x1e d:/stm32cube_ide/stm32cubeide_1.7.0/stm32cubeide/plugins/com.st.stm32cube.ide.mcu.externaltools.gnu-tools-for-stm32.10.3-2021.10.win32_1.0.100.202210260954/tools/bin/../lib/gcc/arm-none-eabi/10.3.1/thumb/v7e-m+dp/hard/crti.o
 .ARM.attributes
                0x000000000000001e       0x32 d:/stm32cube_ide/stm32cubeide_1.7.0/stm32cubeide/plugins/com.st.stm32cube.ide.mcu.externaltools.gnu-tools-for-stm32.10.3-2021.10.win32_1.0.100.202210260954/tools/bin/../lib/gcc/arm-none-eabi/10.3.1/thumb/v7e-m+dp/hard/crtbegin.o
 .ARM.attributes
                0x0000000000000050       0x32 ./Core/Src/main.o
 .ARM.attributes
                0x0000000000000082       0x32 ./Core/Src/stm32h7xx_hal_msp.o
 .ARM.attributes
                0x00000000000000b4       0x32 ./Core/Src/stm32h7xx_it.o
 .ARM.attributes
                0x00000000000000e6       0x32 ./Core/Src/syscalls.o
 .ARM.attributes
                0x0000000000000118       0x32 ./Core/Src/sysmem.o
 .ARM.attributes
                0x000000000000014a       0x32 ./Core/Src/system_stm32h7xx.o
 .ARM.attributes
                0x000000000000017c       0x21 ./Core/Startup/startup_stm32h743zitx.o
 .ARM.attributes
                0x000000000000019d       0x32 ./Drivers/STM32H7xx_HAL_Driver/Src/stm32h7xx_hal.o
 .ARM.attributes
                0x00000000000001cf       0x32 ./Drivers/STM32H7xx_HAL_Driver/Src/stm32h7xx_hal_cortex.o
 .ARM.attributes
                0x0000000000000201       0x32 ./Drivers/STM32H7xx_HAL_Driver/Src/stm32h7xx_hal_eth.o
 .ARM.attributes
                0x0000000000000233       0x32 ./Drivers/STM32H7xx_HAL_Driver/Src/stm32h7xx_hal_gpio.o
 .ARM.attributes
                0x0000000000000265       0x32 ./Drivers/STM32H7xx_HAL_Driver/Src/stm32h7xx_hal_pcd.o
 .ARM.attributes
                0x0000000000000297       0x32 ./Drivers/STM32H7xx_HAL_Driver/Src/stm32h7xx_hal_pcd_ex.o
 .ARM.attributes
                0x00000000000002c9       0x32 ./Drivers/STM32H7xx_HAL_Driver/Src/stm32h7xx_hal_pwr_ex.o
 .ARM.attributes