../Core/Inc/stb_image.h:823:13:stbi__start_mem	24	static
../Core/Inc/stb_image.h:833:13:stbi__start_callbacks	24	static
../Core/Inc/stb_image.h:847:12:stbi__stdio_read	24	static
../Core/Inc/stb_image.h:852:13:stbi__stdio_skip	24	static
../Core/Inc/stb_image.h:862:12:stbi__stdio_eof	16	static
../Core/Inc/stb_image.h:874:13:stbi__start_file	16	static
../Core/Inc/stb_image.h:883:13:stbi__rewind	16	static
../Core/Inc/stb_image.h:969:21:stbi_failure_reason	8	static
../Core/Inc/stb_image.h:975:12:stbi__err	16	static
../Core/Inc/stb_image.h:982:14:stbi__malloc	16	static
../Core/Inc/stb_image.h:999:12:stbi__addsizes_valid	16	static
../Core/Inc/stb_image.h:1011:12:stbi__mul2sizes_valid	16	static
../Core/Inc/stb_image.h:1021:12:stbi__mad2sizes_valid	24	static
../Core/Inc/stb_image.h:1028:12:stbi__mad3sizes_valid	24	static
../Core/Inc/stb_image.h:1036:12:stbi__mad4sizes_valid	24	static
../Core/Inc/stb_image.h:1045:14:stbi__malloc_mad2	24	static
../Core/Inc/stb_image.h:1052:14:stbi__malloc_mad3	24	static
../Core/Inc/stb_image.h:1059:14:stbi__malloc_mad4	32	static
../Core/Inc/stb_image.h:1081:14:stbi_image_free	16	static
../Core/Inc/stb_image.h:1096:14:stbi_set_flip_vertically_on_load	16	static
../Core/Inc/stb_image.h:1106:14:stbi_set_flip_vertically_on_load_thread	16	static
../Core/Inc/stb_image.h:1117:14:stbi__load_main	48	static
../Core/Inc/stb_image.h:1170:17:stbi__convert_16_to_8	40	static
../Core/Inc/stb_image.h:1186:22:stbi__convert_8_to_16	40	static
../Core/Inc/stb_image.h:1202:13:stbi__vertical_flip	2112	static
../Core/Inc/stb_image.h:1227:13:stbi__vertical_flip_slices	40	static
../Core/Inc/stb_image.h:1240:23:stbi__load_and_postprocess_8bit	64	static
../Core/Inc/stb_image.h:1266:22:stbi__load_and_postprocess_16bit	64	static
../Core/Inc/stb_image.h:1294:13:stbi__float_postprocess	32	static
../Core/Inc/stb_image.h:1317:14:stbi__fopen	24	static
../Core/Inc/stb_image.h:1346:18:stbi_load	40	static
../Core/Inc/stb_image.h:1356:18:stbi_load_from_file	224	static
../Core/Inc/stb_image.h:1369:23:stbi_load_from_file_16	224	static
../Core/Inc/stb_image.h:1382:18:stbi_load_16	40	static
../Core/Inc/stb_image.h:1395:18:stbi_load_16_from_memory	224	static
../Core/Inc/stb_image.h:1402:18:stbi_load_16_from_callbacks	224	static
../Core/Inc/stb_image.h:1409:18:stbi_load_from_memory	224	static
../Core/Inc/stb_image.h:1416:18:stbi_load_from_callbacks	224	static
../Core/Inc/stb_image.h:1424:18:stbi_load_gif_from_memory	232	static
../Core/Inc/stb_image.h:1440:15:stbi__loadf_main	56	static
../Core/Inc/stb_image.h:1458:16:stbi_loadf_from_memory	224	static
../Core/Inc/stb_image.h:1465:16:stbi_loadf_from_callbacks	224	static
../Core/Inc/stb_image.h:1473:16:stbi_loadf	40	static
../Core/Inc/stb_image.h:1483:16:stbi_loadf_from_file	224	static
../Core/Inc/stb_image.h:1497:13:stbi_is_hdr_from_memory	208	static
../Core/Inc/stb_image.h:1511:18:stbi_is_hdr	24	static
../Core/Inc/stb_image.h:1522:13:stbi_is_hdr_from_file	216	static
../Core/Inc/stb_image.h:1539:18:stbi_is_hdr_from_callbacks	208	static
../Core/Inc/stb_image.h:1555:16:stbi_ldr_to_hdr_gamma	16	static
../Core/Inc/stb_image.h:1556:16:stbi_ldr_to_hdr_scale	16	static
../Core/Inc/stb_image.h:1561:16:stbi_hdr_to_ldr_gamma	16	static
../Core/Inc/stb_image.h:1562:16:stbi_hdr_to_ldr_scale	16	static
../Core/Inc/stb_image.h:1577:13:stbi__refill_buffer	24	static
../Core/Inc/stb_image.h:1594:28:stbi__get8	16	static
../Core/Inc/stb_image.h:1608:24:stbi__at_eof	16	static
../Core/Inc/stb_image.h:1624:13:stbi__skip	24	static
../Core/Inc/stb_image.h:1646:12:stbi__getn	48	static
../Core/Inc/stb_image.h:1674:12:stbi__get16be	32	static
../Core/Inc/stb_image.h:1684:21:stbi__get32be	32	static
../Core/Inc/stb_image.h:1694:12:stbi__get16le	24	static
../Core/Inc/stb_image.h:1702:21:stbi__get32le	24	static
../Core/Inc/stb_image.h:1726:16:stbi__compute_y	24	static
../Core/Inc/stb_image.h:1735:23:stbi__convert_format	48	static
../Core/Inc/stb_image.h:1783:21:stbi__compute_y_16	24	static
../Core/Inc/stb_image.h:1792:22:stbi__convert_format16	48	static
../Core/Inc/stb_image.h:1838:17:stbi__ldr_to_hdr	48	static
../Core/Inc/stb_image.h:1864:17:stbi__hdr_to_ldr	56	static
../Core/Inc/stb_image.h:1983:12:stbi__build_huffman	48	static
../Core/Inc/stb_image.h:2027:13:stbi__build_fast_ac	48	static
../Core/Inc/stb_image.h:2052:13:stbi__grow_buffer_unsafe	24	static
../Core/Inc/stb_image.h:2074:24:stbi__jpeg_huff_decode	32	static
../Core/Inc/stb_image.h:2128:24:stbi__extend_receive	24	static
../Core/Inc/stb_image.h:2143:24:stbi__jpeg_get_bits	24	static
../Core/Inc/stb_image.h:2154:24:stbi__jpeg_get_bit	24	static
../Core/Inc/stb_image.h:2182:12:stbi__jpeg_decode_block	64	static
../Core/Inc/stb_image.h:2234:12:stbi__jpeg_decode_block_prog_dc	40	static
../Core/Inc/stb_image.h:2262:12:stbi__jpeg_decode_block_prog_ac	80	static
../Core/Inc/stb_image.h:2382:28:stbi__clamp	16	static
../Core/Inc/stb_image.h:2433:13:stbi__idct_block	416	static
../Core/Inc/stb_image.h:2885:16:stbi__get_marker	24	static
../Core/Inc/stb_image.h:2902:13:stbi__jpeg_reset	16	static
../Core/Inc/stb_image.h:2915:12:stbi__parse_entropy_coded_data	304	static
../Core/Inc/stb_image.h:3039:13:stbi__jpeg_dequantize	24	static
../Core/Inc/stb_image.h:3046:13:stbi__jpeg_finish	48	static
../Core/Inc/stb_image.h:3065:12:stbi__process_marker	152	static
../Core/Inc/stb_image.h:3168:12:stbi__process_scan_header	40	static
../Core/Inc/stb_image.h:3207:12:stbi__free_jpeg_components	32	static
../Core/Inc/stb_image.h:3229:12:stbi__process_frame_header	56	static
../Core/Inc/stb_image.h:3330:12:stbi__decode_jpeg_header	24	static
../Core/Inc/stb_image.h:3355:12:stbi__decode_jpeg_image	32	static
../Core/Inc/stb_image.h:3402:17:resample_row_1	24	static
../Core/Inc/stb_image.h:3411:17:stbi__resample_row_v_2	32	static
../Core/Inc/stb_image.h:3421:18:stbi__resample_row_h_2	40	static
../Core/Inc/stb_image.h:3451:17:stbi__resample_row_hv_2	40	static
../Core/Inc/stb_image.h:3592:17:stbi__resample_row_generic	32	static
../Core/Inc/stb_image.h:3606:13:stbi__YCbCr_to_RGB_row	56	static
../Core/Inc/stb_image.h:3767:13:stbi__setup_jpeg	16	static
../Core/Inc/stb_image.h:3789:13:stbi__cleanup_jpeg	16	static
../Core/Inc/stb_image.h:3805:16:stbi__blinn_8x8	24	static
../Core/Inc/stb_image.h:3811:17:load_jpeg_image	248	static
../Core/Inc/stb_image.h:3974:14:stbi__jpeg_load	40	static
../Core/Inc/stb_image.h:3987:12:stbi__jpeg_test	24	static
../Core/Inc/stb_image.h:4000:12:stbi__jpeg_info_raw	24	static
../Core/Inc/stb_image.h:4012:12:stbi__jpeg_info	32	static
../Core/Inc/stb_image.h:4050:24:stbi__bitreverse16	16	static
../Core/Inc/stb_image.h:4059:24:stbi__bit_reverse	16	static
../Core/Inc/stb_image.h:4067:12:stbi__zbuild_huffman	184	static
../Core/Inc/stb_image.h:4134:24:stbi__zeof	16	static
../Core/Inc/stb_image.h:4139:28:stbi__zget8	16	static
../Core/Inc/stb_image.h:4144:13:stbi__fill_bits	16	static
../Core/Inc/stb_image.h:4156:33:stbi__zreceive	24	static
../Core/Inc/stb_image.h:4166:12:stbi__zhuffman_decode_slowpath	32	static
../Core/Inc/stb_image.h:4185:24:stbi__zhuffman_decode	24	static
../Core/Inc/stb_image.h:4204:12:stbi__zexpand	40	static
../Core/Inc/stb_image.h:4240:12:stbi__parse_huffman_block	40	static
../Core/Inc/stb_image.h:4282:12:stbi__compute_huffman_codes	2552	static
../Core/Inc/stb_image.h:4332:12:stbi__parse_uncompressed_block	40	static
../Core/Inc/stb_image.h:4361:12:stbi__parse_zlib_header	32	static
../Core/Inc/stb_image.h:4404:12:stbi__parse_zlib	24	static
../Core/Inc/stb_image.h:4432:12:stbi__do_zlib	24	static
../Core/Inc/stb_image.h:4442:15:stbi_zlib_decode_malloc_guesssize	4120	static
../Core/Inc/stb_image.h:4458:15:stbi_zlib_decode_malloc	24	static
../Core/Inc/stb_image.h:4463:15:stbi_zlib_decode_malloc_guesssize_headerflag	4120	static
../Core/Inc/stb_image.h:4479:13:stbi_zlib_decode_buffer	4112	static
../Core/Inc/stb_image.h:4490:15:stbi_zlib_decode_noheader_malloc	4112	static
../Core/Inc/stb_image.h:4506:13:stbi_zlib_decode_noheader_buffer	4112	static
../Core/Inc/stb_image.h:4535:23:stbi__get_chunk_header	24	static
../Core/Inc/stb_image.h:4543:12:stbi__check_png_header	24	static
../Core/Inc/stb_image.h:4580:12:stbi__paeth	40	static
../Core/Inc/stb_image.h:4594:12:stbi__create_png_image_raw	120	static
../Core/Inc/stb_image.h:4806:12:stbi__create_png_image	208	static
../Core/Inc/stb_image.h:4851:12:stbi__compute_transparency	40	static
../Core/Inc/stb_image.h:4876:12:stbi__compute_transparency16	40	static
../Core/Inc/stb_image.h:4901:12:stbi__expand_png_palette	56	static
../Core/Inc/stb_image.h:4941:14:stbi_set_unpremultiply_on_load	16	static
../Core/Inc/stb_image.h:4946:14:stbi_convert_iphone_png_to_rgb	16	static
../Core/Inc/stb_image.h:4958:14:stbi__unpremultiply_on_load_thread	16	static
../Core/Inc/stb_image.h:4964:14:stbi_convert_iphone_png_to_rgb_thread	16	static
../Core/Inc/stb_image.h:4978:13:stbi__de_iphone	40	static
../Core/Inc/stb_image.h:5023:12:stbi__parse_png_file	1160	static
../Core/Inc/stb_image.h:5199:14:stbi__do_png	40	static
../Core/Inc/stb_image.h:5231:14:stbi__png_load	56	static
../Core/Inc/stb_image.h:5238:12:stbi__png_test	24	static
../Core/Inc/stb_image.h:5246:12:stbi__png_info_raw	24	static
../Core/Inc/stb_image.h:5258:12:stbi__png_info	48	static
../Core/Inc/stb_image.h:5265:12:stbi__png_is16	40	static
../Core/Inc/stb_image.h:5282:12:stbi__bmp_test_raw	24	static
../Core/Inc/stb_image.h:5297:12:stbi__bmp_test	24	static
../Core/Inc/stb_image.h:5306:12:stbi__high_bit	24	static
../Core/Inc/stb_image.h:5318:12:stbi__bitcount	16	static
../Core/Inc/stb_image.h:5331:12:stbi__shiftsigned	24	static
../Core/Inc/stb_image.h:5358:12:stbi__bmp_set_mask_defaults	16	static
../Core/Inc/stb_image.h:5384:14:stbi__bmp_parse_header	32	static
../Core/Inc/stb_image.h:5467:14:stbi__bmp_load	1248	static
../Core/Inc/stb_image.h:5661:12:stbi__tga_get_comp	24	static
../Core/Inc/stb_image.h:5677:12:stbi__tga_info	56	static
../Core/Inc/stb_image.h:5742:12:stbi__tga_test	32	static
../Core/Inc/stb_image.h:5774:13:stbi__tga_read_rgb16	32	static
../Core/Inc/stb_image.h:5793:14:stbi__tga_load	168	static
../Core/Inc/stb_image.h:6003:12:stbi__psd_test	24	static
../Core/Inc/stb_image.h:6010:12:stbi__psd_decode_rle	40	static
../Core/Inc/stb_image.h:6048:14:stbi__psd_load	136	static
../Core/Inc/stb_image.h:6258:12:stbi__pic_is4	24	static
../Core/Inc/stb_image.h:6268:12:stbi__pic_test_core	24	static
../Core/Inc/stb_image.h:6289:17:stbi__readval	40	static
../Core/Inc/stb_image.h:6303:13:stbi__copyval	32	static
../Core/Inc/stb_image.h:6312:17:stbi__pic_load_core	128	static
../Core/Inc/stb_image.h:6422:14:stbi__pic_load	56	static
../Core/Inc/stb_image.h:6463:12:stbi__pic_test	24	static
../Core/Inc/stb_image.h:6502:12:stbi__gif_test_raw	24	static
../Core/Inc/stb_image.h:6512:12:stbi__gif_test	24	static
../Core/Inc/stb_image.h:6519:13:stbi__gif_parse_colortable	40	static
../Core/Inc/stb_image.h:6530:12:stbi__gif_header	32	static
../Core/Inc/stb_image.h:6561:12:stbi__gif_info_raw	32	static
../Core/Inc/stb_image.h:6576:13:stbi__out_gif_code	32	static
../Core/Inc/stb_image.h:6613:17:stbi__process_gif_raster	72	static
../Core/Inc/stb_image.h:6700:17:stbi__gif_load_next	72	static
../Core/Inc/stb_image.h:6874:14:stbi__load_gif_main_outofmem	24	static
../Core/Inc/stb_image.h:6885:14:stbi__load_gif_main	34984	static
../Core/Inc/stb_image.h:6970:14:stbi__gif_load	34952	static
../Core/Inc/stb_image.h:6999:12:stbi__gif_info	24	static
../Core/Inc/stb_image.h:7009:12:stbi__hdr_test_core	24	static
../Core/Inc/stb_image.h:7019:12:stbi__hdr_test	24	static
../Core/Inc/stb_image.h:7031:14:stbi__hdr_gettoken	24	static
../Core/Inc/stb_image.h:7053:13:stbi__hdr_convert	32	static
../Core/Inc/stb_image.h:7080:15:stbi__hdr_load	1136	static
../Core/Inc/stb_image.h:7211:12:stbi__hdr_info	1072	static
../Core/Inc/stb_image.h:7257:12:stbi__bmp_info	64	static
../Core/Inc/stb_image.h:7281:12:stbi__psd_info	40	static
../Core/Inc/stb_image.h:7316:12:stbi__psd_is16	24	static
../Core/Inc/stb_image.h:7345:12:stbi__pic_info	80	static
../Core/Inc/stb_image.h:7416:17:stbi__pnm_test	24	static
../Core/Inc/stb_image.h:7428:14:stbi__pnm_load	48	static
../Core/Inc/stb_image.h:7458:17:stbi__pnm_isspace	16	static
../Core/Inc/stb_image.h:7463:17:stbi__pnm_skip_whitespace	16	static
../Core/Inc/stb_image.h:7477:17:stbi__pnm_isdigit	16	static
../Core/Inc/stb_image.h:7482:17:stbi__pnm_getinteger	24	static
../Core/Inc/stb_image.h:7494:17:stbi__pnm_info	40	static
../Core/Inc/stb_image.h:7533:12:stbi__pnm_is16	16	static
../Core/Inc/stb_image.h:7541:12:stbi__info_main	24	static
../Core/Inc/stb_image.h:7583:12:stbi__is_16_main	16	static
../Core/Inc/stb_image.h:7600:13:stbi_info	32	static
../Core/Inc/stb_image.h:7610:13:stbi_info_from_file	224	static
../Core/Inc/stb_image.h:7621:13:stbi_is_16_bit	24	static
../Core/Inc/stb_image.h:7631:13:stbi_is_16_bit_from_file	216	static
../Core/Inc/stb_image.h:7643:13:stbi_info_from_memory	216	static
../Core/Inc/stb_image.h:7650:13:stbi_info_from_callbacks	216	static
../Core/Inc/stb_image.h:7657:13:stbi_is_16_bit_from_memory	208	static
../Core/Inc/stb_image.h:7664:13:stbi_is_16_bit_from_callbacks	208	static
../Core/Inc/stb_image_write.h:262:15:stbi_flip_vertically_on_write	16	static
../Core/Inc/stb_image_write.h:276:13:stbi__start_write_callbacks	24	static
../Core/Inc/stb_image_write.h:284:13:stbi__stdio_write	24	static
../Core/Inc/stb_image_write.h:304:14:stbiw__fopen	24	static
../Core/Inc/stb_image_write.h:332:12:stbi__start_write_file	24	static
../Core/Inc/stb_image_write.h:339:13:stbi__end_write_file	16	static
../Core/Inc/stb_image_write.h:349:13:stbiw__writefv	40	static
../Core/Inc/stb_image_write.h:378:13:stbiw__writef	28	static
../Core/Inc/stb_image_write.h:386:13:stbiw__write_flush	16	static
../Core/Inc/stb_image_write.h:394:13:stbiw__putc	16	static
../Core/Inc/stb_image_write.h:399:13:stbiw__write1	16	static
../Core/Inc/stb_image_write.h:406:13:stbiw__write3	24	static
../Core/Inc/stb_image_write.h:418:13:stbiw__write_pixel	40	static
../Core/Inc/stb_image_write.h:451:13:stbiw__write_pixels	56	static
../Core/Inc/stb_image_write.h:478:12:stbiw__outfile	56	static
../Core/Inc/stb_image_write.h:492:12:stbi_write_bmp_core	200	static
../Core/Inc/stb_image_write.h:512:14:stbi_write_bmp_to_func	112	static
../Core/Inc/stb_image_write.h:520:14:stbi_write_bmp	112	static
../Core/Inc/stb_image_write.h:532:12:stbi_write_tga_core	160	static
../Core/Inc/stb_image_write.h:611:14:stbi_write_tga_to_func	112	static
../Core/Inc/stb_image_write.h:619:14:stbi_write_tga	112	static
../Core/Inc/stb_image_write.h:639:13:stbiw__linear_to_rgbe	40	static
../Core/Inc/stb_image_write.h:656:13:stbiw__write_run_data	32	static
../Core/Inc/stb_image_write.h:664:13:stbiw__write_dump_data	32	static
../Core/Inc/stb_image_write.h:672:13:stbiw__write_hdr_scanline	72	static
../Core/Inc/stb_image_write.h:761:12:stbi_write_hdr_core	240	static
../Core/Inc/stb_image_write.h:787:14:stbi_write_hdr_to_func	112	static
../Core/Inc/stb_image_write.h:794:14:stbi_write_hdr	112	static
../Core/Inc/stb_image_write.h:826:14:stbiw__sbgrowf	32	static
../Core/Inc/stb_image_write.h:839:23:stbiw__zlib_flushf	32	static
../Core/Inc/stb_image_write.h:849:12:stbiw__zlib_bitrev	24	static
../Core/Inc/stb_image_write.h:859:21:stbiw__zlib_countm	32	static
../Core/Inc/stb_image_write.h:867:21:stbiw__zhash	24	static
../Core/Inc/stb_image_write.h:895:26:stbi_zlib_compress	104	static
../Core/Inc/stb_image_write.h:1024:21:stbiw__crc32	24	static
../Core/Inc/stb_image_write.h:1077:13:stbiw__wpcrc	24	static
../Core/Inc/stb_image_write.h:1083:22:stbiw__paeth	40	static
../Core/Inc/stb_image_write.h:1092:13:stbiw__encode_png_line	56	static
../Core/Inc/stb_image_write.h:1128:25:stbi_write_png_to_mem	128	static
../Core/Inc/stb_image_write.h:1215:14:stbi_write_png	48	static
../Core/Inc/stb_image_write.h:1231:14:stbi_write_png_to_func	40	static
../Core/Inc/stb_image_write.h:1253:13:stbiw__jpg_writeBits	40	static
../Core/Inc/stb_image_write.h:1270:13:stbiw__jpg_DCT	136	static
../Core/Inc/stb_image_write.h:1318:13:stbiw__jpg_calcBits	24	static
../Core/Inc/stb_image_write.h:1328:12:stbiw__jpg_processDU	384	static
../Core/Inc/stb_image_write.h:1398:12:stbi_write_jpg_core	4448	static
../Core/Inc/stb_image_write.h:1607:14:stbi_write_jpg_to_func	112	static
../Core/Inc/stb_image_write.h:1616:14:stbi_write_jpg	112	static
../Core/Inc/canny.h:166:5:write_pgm_image	32	static
../Core/Inc/canny.h:222:6:follow_edges	112	static
../Core/Inc/canny.h:251:6:apply_hysteresis	131144	static
../Core/Inc/canny.h:363:6:non_max_supp	96	static
../Core/Inc/canny.h:574:6:canny	72	static
../Core/Inc/canny.h:659:6:radian_direction	64	static
../Core/Inc/canny.h:694:8:angle_radians	48	static
../Core/Inc/canny.h:722:6:magnitude_x_y	48	static
../Core/Inc/canny.h:762:6:derrivative_x_y	40	static
../Core/Inc/canny.h:826:6:gaussian_smooth	80	static
../Core/Inc/canny.h:924:6:make_gaussian_kernel	48	static
../Core/Src/main.c:105:5:main	152	static
../Core/Src/main.c:307:6:SystemClock_Config	120	static
../Core/Src/main.c:368:13:MX_ETH_Init	8	static
../Core/Src/main.c:417:13:MX_USART3_UART_Init	8	static
../Core/Src/main.c:465:13:MX_USB_OTG_FS_PCD_Init	8	static
../Core/Src/main.c:501:13:MX_GPIO_Init	56	static
../Core/Src/main.c:566:6:Error_Handler	4	static,ignoring_inline_asm
